[0.023s] Invoking command in '/home/ubuntu22/lidar_slam_ws/build/slam_toolbox': CMAKE_PREFIX_PATH=${CMAKE_PREFIX_PATH}:/opt/ros/humble /usr/bin/cmake /home/ubuntu22/lidar_slam_ws/src/slam_toolbox -DAMENT_CMAKE_SYMLINK_INSTALL=1 -DCMAKE_INSTALL_PREFIX=/home/ubuntu22/lidar_slam_ws/install/slam_toolbox
[0.180s] -- The C compiler identification is GNU 11.4.0
[0.782s] -- The CXX compiler identification is GNU 11.4.0
[1.248s] -- Detecting C compiler ABI info
[1.445s] -- Detecting C compiler ABI info - done
[1.454s] -- Check for working C compiler: /usr/bin/cc - skipped
[1.454s] -- Detecting C compile features
[1.455s] -- Detecting C compile features - done
[1.459s] -- Detecting CXX compiler ABI info
[1.690s] -- Detecting CXX compiler ABI info - done
[1.698s] -- Check for working CXX compiler: /usr/bin/c++ - skipped
[1.699s] -- Detecting CXX compile features
[1.699s] -- Detecting CXX compile features - done
[1.702s] -- Found ament_cmake: 1.3.12 (/opt/ros/humble/share/ament_cmake/cmake)
[1.875s] -- Found Python3: /usr/bin/python3 (found version "3.10.12") found components: Interpreter 
[1.950s] -- Override CMake install command with custom implementation using symlinks instead of copying resources
[1.974s] -- Found message_filters: 4.3.11 (/opt/ros/humble/share/message_filters/cmake)
[2.270s] -- Found rosidl_generator_c: 3.1.7 (/opt/ros/humble/share/rosidl_generator_c/cmake)
[2.275s] -- Found rosidl_adapter: 3.1.7 (/opt/ros/humble/share/rosidl_adapter/cmake)
[2.283s] -- Found rosidl_generator_cpp: 3.1.7 (/opt/ros/humble/share/rosidl_generator_cpp/cmake)
[2.297s] -- Using all available rosidl_typesupport_c: rosidl_typesupport_fastrtps_c;rosidl_typesupport_introspection_c
[2.315s] -- Using all available rosidl_typesupport_cpp: rosidl_typesupport_fastrtps_cpp;rosidl_typesupport_introspection_cpp
[2.363s] -- Found rmw_implementation_cmake: 6.1.2 (/opt/ros/humble/share/rmw_implementation_cmake/cmake)
[2.366s] -- Found rmw_fastrtps_cpp: 6.2.9 (/opt/ros/humble/share/rmw_fastrtps_cpp/cmake)
[4.164s] -- Found OpenSSL: /usr/lib/x86_64-linux-gnu/libcrypto.so (found version "3.0.2")  
[7.021s] -- Found FastRTPS: /opt/ros/humble/include  
[11.005s] -- Using RMW implementation 'rmw_fastrtps_cpp' as default
[11.013s] -- Looking for pthread.h
[11.194s] -- Looking for pthread.h - found
[11.195s] -- Performing Test CMAKE_HAVE_LIBC_PTHREAD
[11.431s] -- Performing Test CMAKE_HAVE_LIBC_PTHREAD - Success
[11.432s] -- Found Threads: TRUE  
[11.498s] -- Found nav_msgs: 4.9.0 (/opt/ros/humble/share/nav_msgs/cmake)
[11.534s] -- Found sensor_msgs: 4.9.0 (/opt/ros/humble/share/sensor_msgs/cmake)
[11.555s] -- Found tf2: 0.25.17 (/opt/ros/humble/share/tf2/cmake)
[11.565s] -- Found tf2_ros: 0.25.17 (/opt/ros/humble/share/tf2_ros/cmake)
[11.690s] -- Found visualization_msgs: 4.9.0 (/opt/ros/humble/share/visualization_msgs/cmake)
[11.715s] -- Found pluginlib: 5.1.2 (/opt/ros/humble/share/pluginlib/cmake)
[14.785s] -- Found tf2_geometry_msgs: 0.25.17 (/opt/ros/humble/share/tf2_geometry_msgs/cmake)
[14.880s] -- Found eigen3_cmake_module: 0.1.1 (/opt/ros/humble/share/eigen3_cmake_module/cmake)
[14.882s] -- Found Eigen3: TRUE (found version "3.4.0") 
[14.882s] -- Ensuring Eigen3 include directory is part of orocos-kdl CMake target
[14.885s] -- Found tf2_sensor_msgs: 0.25.17 (/opt/ros/humble/share/tf2_sensor_msgs/cmake)
[14.891s] -- Found std_srvs: 4.9.0 (/opt/ros/humble/share/std_srvs/cmake)
[14.902s] -- Found rosidl_default_generators: 1.2.0 (/opt/ros/humble/share/rosidl_default_generators/cmake)
[14.912s] -- Found rviz_common: 11.2.23 (/opt/ros/humble/share/rviz_common/cmake)
[15.074s] -- Setting assimp_DIR to: '/opt/ros/humble/share/rviz_assimp_vendor/cmake/../../../opt/rviz_assimp_vendor/lib/cmake/assimp-4.1'
[15.081s] -- Setting OGRE_DIR to: '/opt/ros/humble/share/rviz_ogre_vendor/cmake/../../../opt/rviz_ogre_vendor/lib/OGRE/cmake'
[15.082s] -- Found OGRE
[15.082s] --   static     : OFF
[15.082s] --   components : HLMS;MeshLodGenerator;Overlay;Paging;Property;RTShaderSystem;Terrain;Volume
[15.082s] --   plugins    : Plugin_BSPSceneManager;Plugin_OctreeSceneManager;Plugin_PCZSceneManager;Plugin_ParticleFX;RenderSystem_GL;RenderSystem_GL3Plus;Codec_STBI
[15.082s] --   media      : /opt/ros/humble/opt/rviz_ogre_vendor/share/OGRE/Media
[15.083s] -- OGRE_LIBRARIES: OgreHLMS;OgreMeshLodGenerator;OgreOverlay;OgrePaging;OgreProperty;OgreRTShaderSystem;OgreTerrain;OgreVolume;OgreMain
[15.083s] -- OGRE_LIBRARY_DIRS: /opt/ros/humble/opt/rviz_ogre_vendor/lib
[15.083s] -- OGRE_PLUGINS: Plugin_BSPSceneManager;Plugin_OctreeSceneManager;Plugin_PCZSceneManager;Plugin_ParticleFX;RenderSystem_GL;RenderSystem_GL3Plus;Codec_STBI
[15.083s] -- OGRE_PLUGIN_DIR: /opt/ros/humble/opt/rviz_ogre_vendor/lib/OGRE
[15.083s] -- rviz_ogre_vendor::OgreOverlay for IMPORTED_LOCATION_RELEASE: /opt/ros/humble/opt/rviz_ogre_vendor/lib/libOgreOverlay.so
[15.083s] -- rviz_ogre_vendor::OgreOverlay for IMPORTED_LOCATION_DEBUG: /opt/ros/humble/opt/rviz_ogre_vendor/lib/libOgreOverlay.so
[15.083s] -- rviz_ogre_vendor::OgreMain for IMPORTED_LOCATION_RELEASE: /opt/ros/humble/opt/rviz_ogre_vendor/lib/libOgreMain.so
[15.083s] -- rviz_ogre_vendor::OgreMain for IMPORTED_LOCATION_DEBUG: /opt/ros/humble/opt/rviz_ogre_vendor/lib/libOgreMain.so
[15.147s] -- Could not find freeimage library
[18.515s] -- Found ZLIB: /usr/lib/x86_64-linux-gnu/libz.so (found version "1.2.11") 
[19.320s] -- Found OpenGL: /usr/lib/x86_64-linux-gnu/libOpenGL.so   
[24.817s] -- Found X11: /usr/include   
[24.818s] -- Looking for XOpenDisplay in /usr/lib/x86_64-linux-gnu/libX11.so;/usr/lib/x86_64-linux-gnu/libXext.so
[25.037s] -- Looking for XOpenDisplay in /usr/lib/x86_64-linux-gnu/libX11.so;/usr/lib/x86_64-linux-gnu/libXext.so - found
[25.038s] -- Looking for gethostbyname
[25.275s] -- Looking for gethostbyname - found
[25.275s] -- Looking for connect
[25.515s] -- Looking for connect - found
[25.516s] -- Looking for remove
[25.721s] -- Looking for remove - found
[25.721s] -- Looking for shmat
[25.959s] -- Looking for shmat - found
[25.959s] -- Looking for IceConnectionNumber in ICE
[26.157s] -- Looking for IceConnectionNumber in ICE - found
[28.856s] -- library: /usr/lib/x86_64-linux-gnu/libcurl.so
[28.883s] -- Found rviz_default_plugins: 11.2.23 (/opt/ros/humble/share/rviz_default_plugins/cmake)
[28.969s] -- Found Boost: /usr/lib/x86_64-linux-gnu/cmake/Boost-1.74.0/BoostConfig.cmake (found version "1.74.0") found components: system serialization filesystem thread 
[28.979s] -- Found PkgConfig: /usr/bin/pkg-config (found version "0.29.2") 
[29.555s] -- Found CHOLMOD: /usr/include/suitesparse  
[29.661s] -- Found CSparse: /usr/include/suitesparse  
[31.657s] -- Looking for sgemm_
[31.869s] -- Looking for sgemm_ - not found
[38.336s] -- Looking for sgemm_
[38.560s] -- Looking for sgemm_ - found
[38.561s] -- Found BLAS: /usr/lib/x86_64-linux-gnu/libblas.so  
[38.565s] -- Looking for cheev_
[38.789s] -- Looking for cheev_ - not found
[40.086s] -- Looking for cheev_
[40.153s] -- Looking for cheev_ - not found
[40.154s] -- Looking for cheev_
[40.390s] -- Looking for cheev_ - found
[40.391s] -- Found LAPACK: /usr/lib/x86_64-linux-gnu/liblapack.so;/usr/lib/x86_64-linux-gnu/libblas.so  
[40.398s] -- Found required Ceres dependency: Eigen version 3.4.0 in /usr/include/eigen3
[40.406s] -- Found required Ceres dependency: glog
[40.407s] -- Found required Ceres dependency: gflags
[40.408s] -- Found Ceres version: 2.0.0 installed in: /usr with components: [EigenSparse, SparseLinearAlgebraLibrary, LAPACK, SuiteSparse, CXSparse, SchurSpecializations, Multithreading]
[40.856s] -- Found ament_cmake_ros: 0.10.0 (/opt/ros/humble/share/ament_cmake_ros/cmake)
[41.444s] -- Using all available rosidl_typesupport_c: rosidl_typesupport_fastrtps_c;rosidl_typesupport_introspection_c
[41.673s] -- Using all available rosidl_typesupport_cpp: rosidl_typesupport_fastrtps_cpp;rosidl_typesupport_introspection_cpp
[41.903s] -- Found PythonInterp: /usr/bin/python3 (found suitable version "3.10.12", minimum required is "3.6") 
[41.905s] -- Found python_cmake_module: 0.10.0 (/opt/ros/humble/share/python_cmake_module/cmake)
[42.528s] -- Found PythonLibs: /usr/lib/x86_64-linux-gnu/libpython3.10.so (found suitable version "3.10.12", minimum required is "3.5") 
[42.528s] -- Using PYTHON_EXECUTABLE: /usr/bin/python3
[42.528s] -- Using PYTHON_INCLUDE_DIRS: /usr/include/python3.10
[42.529s] -- Using PYTHON_LIBRARIES: /usr/lib/x86_64-linux-gnu/libpython3.10.so
[42.554s] -- Found PythonExtra: .so  
[42.760s] -- Configuring done
[43.040s] -- Generating done
[43.110s] -- Build files have been written to: /home/ubuntu22/lidar_slam_ws/build/slam_toolbox
[43.133s] Invoked command in '/home/ubuntu22/lidar_slam_ws/build/slam_toolbox' returned '0': CMAKE_PREFIX_PATH=${CMAKE_PREFIX_PATH}:/opt/ros/humble /usr/bin/cmake /home/ubuntu22/lidar_slam_ws/src/slam_toolbox -DAMENT_CMAKE_SYMLINK_INSTALL=1 -DCMAKE_INSTALL_PREFIX=/home/ubuntu22/lidar_slam_ws/install/slam_toolbox
[43.136s] Invoking command in '/home/ubuntu22/lidar_slam_ws/build/slam_toolbox': CMAKE_PREFIX_PATH=${CMAKE_PREFIX_PATH}:/opt/ros/humble /usr/bin/cmake --build /home/ubuntu22/lidar_slam_ws/build/slam_toolbox -- -j16 -l16
[43.188s] [  1%] [34m[1mGenerating C code for ROS interfaces[0m
[43.199s] [  2%] [34m[1mGenerating C++ code for ROS interfaces[0m
[43.199s] [  2%] [32mBuilding CXX object lib/karto_sdk/CMakeFiles/kartoSlamToolbox.dir/src/Karto.cpp.o[0m
[43.202s] [  3%] [32mBuilding CXX object lib/karto_sdk/CMakeFiles/kartoSlamToolbox.dir/src/Mapper.cpp.o[0m
[43.209s] [  3%] Built target ament_cmake_python_symlink_slam_toolbox
[43.493s] running egg_info
[43.494s] creating slam_toolbox.egg-info
[43.494s] writing slam_toolbox.egg-info/PKG-INFO
[43.494s] writing dependency_links to slam_toolbox.egg-info/dependency_links.txt
[43.495s] writing top-level names to slam_toolbox.egg-info/top_level.txt
[43.495s] writing manifest file 'slam_toolbox.egg-info/SOURCES.txt'
[43.497s] reading manifest file 'slam_toolbox.egg-info/SOURCES.txt'
[43.498s] writing manifest file 'slam_toolbox.egg-info/SOURCES.txt'
[43.529s] [  3%] Built target ament_cmake_python_build_slam_toolbox_egg
[44.322s] [  3%] Built target slam_toolbox__cpp
[44.338s] [  3%] [32mBuilding C object CMakeFiles/slam_toolbox__rosidl_generator_c.dir/rosidl_generator_c/slam_toolbox/srv/detail/clear_queue__functions.c.o[0m
[44.338s] [  5%] [32mBuilding C object CMakeFiles/slam_toolbox__rosidl_generator_c.dir/rosidl_generator_c/slam_toolbox/srv/detail/toggle_interactive__functions.c.o[0m
[44.338s] [  5%] [32mBuilding C object CMakeFiles/slam_toolbox__rosidl_generator_c.dir/rosidl_generator_c/slam_toolbox/srv/detail/clear__functions.c.o[0m
[44.338s] [  6%] [34m[1mGenerating C++ type support for eProsima Fast-RTPS[0m
[44.339s] [  7%] [32mBuilding C object CMakeFiles/slam_toolbox__rosidl_generator_c.dir/rosidl_generator_c/slam_toolbox/srv/detail/add_submap__functions.c.o[0m
[44.339s] [  7%] [32mBuilding C object CMakeFiles/slam_toolbox__rosidl_generator_c.dir/rosidl_generator_c/slam_toolbox/srv/detail/loop_closure__functions.c.o[0m
[44.339s] [  7%] [32mBuilding C object CMakeFiles/slam_toolbox__rosidl_generator_c.dir/rosidl_generator_c/slam_toolbox/srv/detail/deserialize_pose_graph__functions.c.o[0m
[44.339s] [  8%] [32mBuilding C object CMakeFiles/slam_toolbox__rosidl_generator_c.dir/rosidl_generator_c/slam_toolbox/srv/detail/merge_maps__functions.c.o[0m
[44.340s] [  9%] [32mBuilding C object CMakeFiles/slam_toolbox__rosidl_generator_c.dir/rosidl_generator_c/slam_toolbox/srv/detail/serialize_pose_graph__functions.c.o[0m
[44.340s] [  9%] [34m[1mGenerating C++ type support dispatch for ROS interfaces[0m
[44.343s] [ 11%] [32mBuilding C object CMakeFiles/slam_toolbox__rosidl_generator_c.dir/rosidl_generator_c/slam_toolbox/srv/detail/save_map__functions.c.o[0m
[44.343s] [ 11%] [32mBuilding C object CMakeFiles/slam_toolbox__rosidl_generator_c.dir/rosidl_generator_c/slam_toolbox/srv/detail/pause__functions.c.o[0m
[44.344s] [ 12%] [34m[1mGenerating C++ introspection for ROS interfaces[0m
[44.592s] [ 13%] [32m[1mLinking C shared library libslam_toolbox__rosidl_generator_c.so[0m
[44.772s] [ 13%] Built target slam_toolbox__rosidl_generator_c
[44.789s] [ 14%] [34m[1mGenerating C type support dispatch for ROS interfaces[0m
[44.789s] [ 14%] [34m[1mGenerating C introspection for ROS interfaces[0m
[44.790s] [ 15%] [34m[1mGenerating C type support for eProsima Fast-RTPS[0m
[45.196s] [ 16%] [32mBuilding CXX object CMakeFiles/slam_toolbox__rosidl_typesupport_cpp.dir/rosidl_typesupport_cpp/slam_toolbox/srv/clear_queue__type_support.cpp.o[0m
[45.196s] [ 17%] [32mBuilding CXX object CMakeFiles/slam_toolbox__rosidl_typesupport_cpp.dir/rosidl_typesupport_cpp/slam_toolbox/srv/pause__type_support.cpp.o[0m
[45.196s] [ 17%] [32mBuilding CXX object CMakeFiles/slam_toolbox__rosidl_typesupport_cpp.dir/rosidl_typesupport_cpp/slam_toolbox/srv/clear__type_support.cpp.o[0m
[45.196s] [ 18%] [32mBuilding CXX object CMakeFiles/slam_toolbox__rosidl_typesupport_cpp.dir/rosidl_typesupport_cpp/slam_toolbox/srv/loop_closure__type_support.cpp.o[0m
[45.197s] [ 19%] [32mBuilding CXX object CMakeFiles/slam_toolbox__rosidl_typesupport_cpp.dir/rosidl_typesupport_cpp/slam_toolbox/srv/save_map__type_support.cpp.o[0m
[45.197s] [ 20%] [32mBuilding CXX object CMakeFiles/slam_toolbox__rosidl_typesupport_cpp.dir/rosidl_typesupport_cpp/slam_toolbox/srv/add_submap__type_support.cpp.o[0m
[45.198s] [ 21%] [32mBuilding CXX object CMakeFiles/slam_toolbox__rosidl_typesupport_cpp.dir/rosidl_typesupport_cpp/slam_toolbox/srv/deserialize_pose_graph__type_support.cpp.o[0m
[45.203s] [ 22%] [32mBuilding CXX object CMakeFiles/slam_toolbox__rosidl_typesupport_cpp.dir/rosidl_typesupport_cpp/slam_toolbox/srv/toggle_interactive__type_support.cpp.o[0m
[45.215s] [ 22%] [32mBuilding CXX object CMakeFiles/slam_toolbox__rosidl_typesupport_cpp.dir/rosidl_typesupport_cpp/slam_toolbox/srv/merge_maps__type_support.cpp.o[0m
[45.683s] [ 22%] [32mBuilding CXX object CMakeFiles/slam_toolbox__rosidl_typesupport_introspection_cpp.dir/rosidl_typesupport_introspection_cpp/slam_toolbox/srv/detail/pause__type_support.cpp.o[0m
[45.752s] [ 23%] [32mBuilding CXX object CMakeFiles/slam_toolbox__rosidl_typesupport_cpp.dir/rosidl_typesupport_cpp/slam_toolbox/srv/serialize_pose_graph__type_support.cpp.o[0m
[45.757s] [ 24%] [32mBuilding CXX object CMakeFiles/slam_toolbox__rosidl_typesupport_introspection_cpp.dir/rosidl_typesupport_introspection_cpp/slam_toolbox/srv/detail/clear_queue__type_support.cpp.o[0m
[45.781s] [ 25%] [32mBuilding CXX object CMakeFiles/slam_toolbox__rosidl_typesupport_introspection_cpp.dir/rosidl_typesupport_introspection_cpp/slam_toolbox/srv/detail/toggle_interactive__type_support.cpp.o[0m
[45.797s] [ 25%] [32mBuilding CXX object CMakeFiles/slam_toolbox__rosidl_typesupport_introspection_cpp.dir/rosidl_typesupport_introspection_cpp/slam_toolbox/srv/detail/clear__type_support.cpp.o[0m
[45.828s] [ 26%] [32mBuilding CXX object CMakeFiles/slam_toolbox__rosidl_typesupport_introspection_cpp.dir/rosidl_typesupport_introspection_cpp/slam_toolbox/srv/detail/save_map__type_support.cpp.o[0m
[45.833s] [ 27%] [32mBuilding CXX object CMakeFiles/slam_toolbox__rosidl_typesupport_introspection_cpp.dir/rosidl_typesupport_introspection_cpp/slam_toolbox/srv/detail/loop_closure__type_support.cpp.o[0m
[45.861s] [ 28%] [32mBuilding CXX object CMakeFiles/slam_toolbox__rosidl_typesupport_introspection_cpp.dir/rosidl_typesupport_introspection_cpp/slam_toolbox/srv/detail/merge_maps__type_support.cpp.o[0m
[45.881s] [ 29%] [32mBuilding CXX object CMakeFiles/slam_toolbox__rosidl_typesupport_fastrtps_cpp.dir/rosidl_typesupport_fastrtps_cpp/slam_toolbox/srv/detail/dds_fastrtps/pause__type_support.cpp.o[0m
[45.916s] [ 29%] [32mBuilding CXX object CMakeFiles/slam_toolbox__rosidl_typesupport_introspection_cpp.dir/rosidl_typesupport_introspection_cpp/slam_toolbox/srv/detail/add_submap__type_support.cpp.o[0m
[45.991s] [ 30%] [32mBuilding CXX object CMakeFiles/slam_toolbox__rosidl_typesupport_c.dir/rosidl_typesupport_c/slam_toolbox/srv/pause__type_support.cpp.o[0m
[46.095s] [ 31%] [32mBuilding CXX object CMakeFiles/slam_toolbox__rosidl_typesupport_c.dir/rosidl_typesupport_c/slam_toolbox/srv/clear_queue__type_support.cpp.o[0m
[46.160s] [ 32%] [32mBuilding CXX object CMakeFiles/slam_toolbox__rosidl_typesupport_c.dir/rosidl_typesupport_c/slam_toolbox/srv/toggle_interactive__type_support.cpp.o[0m
[46.223s] [ 32%] [32mBuilding CXX object CMakeFiles/slam_toolbox__rosidl_typesupport_c.dir/rosidl_typesupport_c/slam_toolbox/srv/clear__type_support.cpp.o[0m
[46.245s] [ 33%] [32mBuilding CXX object CMakeFiles/slam_toolbox__rosidl_typesupport_introspection_cpp.dir/rosidl_typesupport_introspection_cpp/slam_toolbox/srv/detail/deserialize_pose_graph__type_support.cpp.o[0m
[46.455s] [ 33%] [32m[1mLinking CXX shared library libslam_toolbox__rosidl_typesupport_cpp.so[0m
[46.488s] [ 33%] [32mBuilding C object CMakeFiles/slam_toolbox__rosidl_typesupport_introspection_c.dir/rosidl_typesupport_introspection_c/slam_toolbox/srv/detail/pause__type_support.c.o[0m
[46.513s] [ 34%] [32mBuilding CXX object CMakeFiles/slam_toolbox__rosidl_typesupport_introspection_cpp.dir/rosidl_typesupport_introspection_cpp/slam_toolbox/srv/detail/serialize_pose_graph__type_support.cpp.o[0m
[46.520s] [ 35%] [32mBuilding CXX object CMakeFiles/slam_toolbox__rosidl_typesupport_c.dir/rosidl_typesupport_c/slam_toolbox/srv/save_map__type_support.cpp.o[0m
[46.586s] [ 35%] [32mBuilding CXX object CMakeFiles/slam_toolbox__rosidl_typesupport_fastrtps_cpp.dir/rosidl_typesupport_fastrtps_cpp/slam_toolbox/srv/detail/dds_fastrtps/clear_queue__type_support.cpp.o[0m
[46.586s] [ 35%] [32mBuilding CXX object CMakeFiles/slam_toolbox__rosidl_typesupport_c.dir/rosidl_typesupport_c/slam_toolbox/srv/merge_maps__type_support.cpp.o[0m
[46.587s] [ 36%] [32mBuilding C object CMakeFiles/slam_toolbox__rosidl_typesupport_introspection_c.dir/rosidl_typesupport_introspection_c/slam_toolbox/srv/detail/clear_queue__type_support.c.o[0m
[46.588s] [ 37%] [32mBuilding CXX object CMakeFiles/slam_toolbox__rosidl_typesupport_c.dir/rosidl_typesupport_c/slam_toolbox/srv/loop_closure__type_support.cpp.o[0m
[46.628s] [ 38%] [32mBuilding CXX object CMakeFiles/slam_toolbox__rosidl_typesupport_fastrtps_c.dir/rosidl_typesupport_fastrtps_c/slam_toolbox/srv/detail/pause__type_support_c.cpp.o[0m
[46.653s] [ 39%] [32mBuilding CXX object CMakeFiles/slam_toolbox__rosidl_typesupport_c.dir/rosidl_typesupport_c/slam_toolbox/srv/add_submap__type_support.cpp.o[0m
[46.653s] [ 40%] [32mBuilding CXX object CMakeFiles/slam_toolbox__rosidl_typesupport_c.dir/rosidl_typesupport_c/slam_toolbox/srv/deserialize_pose_graph__type_support.cpp.o[0m
[46.653s] [ 41%] [32mBuilding CXX object CMakeFiles/slam_toolbox__rosidl_typesupport_fastrtps_cpp.dir/rosidl_typesupport_fastrtps_cpp/slam_toolbox/srv/detail/dds_fastrtps/toggle_interactive__type_support.cpp.o[0m
[46.673s] [ 42%] [32mBuilding C object CMakeFiles/slam_toolbox__rosidl_typesupport_introspection_c.dir/rosidl_typesupport_introspection_c/slam_toolbox/srv/detail/toggle_interactive__type_support.c.o[0m
[46.712s] [ 43%] [32mBuilding CXX object CMakeFiles/slam_toolbox__rosidl_typesupport_c.dir/rosidl_typesupport_c/slam_toolbox/srv/serialize_pose_graph__type_support.cpp.o[0m
[46.727s] [ 44%] [32mBuilding CXX object CMakeFiles/slam_toolbox__rosidl_typesupport_fastrtps_cpp.dir/rosidl_typesupport_fastrtps_cpp/slam_toolbox/srv/detail/dds_fastrtps/clear__type_support.cpp.o[0m
[46.751s] [ 44%] [32mBuilding CXX object CMakeFiles/slam_toolbox__rosidl_typesupport_fastrtps_c.dir/rosidl_typesupport_fastrtps_c/slam_toolbox/srv/detail/clear_queue__type_support_c.cpp.o[0m
[46.751s] [ 45%] [32mBuilding CXX object CMakeFiles/slam_toolbox__rosidl_typesupport_fastrtps_cpp.dir/rosidl_typesupport_fastrtps_cpp/slam_toolbox/srv/detail/dds_fastrtps/save_map__type_support.cpp.o[0m
[46.768s] [ 45%] [32mBuilding C object CMakeFiles/slam_toolbox__rosidl_typesupport_introspection_c.dir/rosidl_typesupport_introspection_c/slam_toolbox/srv/detail/clear__type_support.c.o[0m
[46.771s] [ 46%] [32mBuilding C object CMakeFiles/slam_toolbox__rosidl_typesupport_introspection_c.dir/rosidl_typesupport_introspection_c/slam_toolbox/srv/detail/save_map__type_support.c.o[0m
[46.773s] [ 46%] [32m[1mLinking CXX shared library libslam_toolbox__rosidl_typesupport_c.so[0m
[46.842s] [ 46%] Built target slam_toolbox__rosidl_typesupport_cpp
[46.848s] [ 47%] [32mBuilding C object CMakeFiles/slam_toolbox__rosidl_typesupport_introspection_c.dir/rosidl_typesupport_introspection_c/slam_toolbox/srv/detail/loop_closure__type_support.c.o[0m
[46.856s] [ 48%] [32mBuilding CXX object CMakeFiles/slam_toolbox__rosidl_typesupport_fastrtps_c.dir/rosidl_typesupport_fastrtps_c/slam_toolbox/srv/detail/toggle_interactive__type_support_c.cpp.o[0m
[46.862s] [ 49%] [32mBuilding CXX object CMakeFiles/slam_toolbox__rosidl_typesupport_fastrtps_c.dir/rosidl_typesupport_fastrtps_c/slam_toolbox/srv/detail/clear__type_support_c.cpp.o[0m
[46.917s] [ 49%] [32mBuilding CXX object CMakeFiles/slam_toolbox__rosidl_typesupport_fastrtps_cpp.dir/rosidl_typesupport_fastrtps_cpp/slam_toolbox/srv/detail/dds_fastrtps/loop_closure__type_support.cpp.o[0m
[46.934s] [ 50%] [32mBuilding C object CMakeFiles/slam_toolbox__rosidl_typesupport_introspection_c.dir/rosidl_typesupport_introspection_c/slam_toolbox/srv/detail/merge_maps__type_support.c.o[0m
[47.028s] [ 50%] [32mBuilding C object CMakeFiles/slam_toolbox__rosidl_typesupport_introspection_c.dir/rosidl_typesupport_introspection_c/slam_toolbox/srv/detail/add_submap__type_support.c.o[0m
[47.049s] [ 50%] Built target slam_toolbox__rosidl_typesupport_c
[47.064s] [ 52%] [32mBuilding CXX object CMakeFiles/slam_toolbox__rosidl_typesupport_fastrtps_c.dir/rosidl_typesupport_fastrtps_c/slam_toolbox/srv/detail/save_map__type_support_c.cpp.o[0m
[47.066s] [ 52%] [32mBuilding C object CMakeFiles/slam_toolbox__rosidl_typesupport_introspection_c.dir/rosidl_typesupport_introspection_c/slam_toolbox/srv/detail/deserialize_pose_graph__type_support.c.o[0m
[47.113s] [ 53%] [32mBuilding CXX object CMakeFiles/slam_toolbox__rosidl_typesupport_fastrtps_cpp.dir/rosidl_typesupport_fastrtps_cpp/slam_toolbox/srv/detail/dds_fastrtps/merge_maps__type_support.cpp.o[0m
[47.175s] [ 54%] [32mBuilding C object CMakeFiles/slam_toolbox__rosidl_typesupport_introspection_c.dir/rosidl_typesupport_introspection_c/slam_toolbox/srv/detail/serialize_pose_graph__type_support.c.o[0m
[47.193s] [ 55%] [32mBuilding CXX object CMakeFiles/slam_toolbox__rosidl_typesupport_fastrtps_cpp.dir/rosidl_typesupport_fastrtps_cpp/slam_toolbox/srv/detail/dds_fastrtps/add_submap__type_support.cpp.o[0m
[47.306s] [ 55%] [32m[1mLinking C shared library libslam_toolbox__rosidl_typesupport_introspection_c.so[0m
[47.328s] [ 55%] [32m[1mLinking CXX shared library libslam_toolbox__rosidl_typesupport_introspection_cpp.so[0m
[47.403s] [ 55%] [32mBuilding CXX object CMakeFiles/slam_toolbox__rosidl_typesupport_fastrtps_c.dir/rosidl_typesupport_fastrtps_c/slam_toolbox/srv/detail/loop_closure__type_support_c.cpp.o[0m
[47.450s] [ 55%] [34m[1mGenerating rviz_plugin/moc_slam_toolbox_rviz_plugin.cpp[0m
[47.504s] [ 56%] [32mBuilding CXX object CMakeFiles/SlamToolboxPlugin.dir/rviz_plugin/slam_toolbox_rviz_plugin.cpp.o[0m
[47.517s] [ 57%] [32mBuilding CXX object CMakeFiles/slam_toolbox__rosidl_typesupport_fastrtps_c.dir/rosidl_typesupport_fastrtps_c/slam_toolbox/srv/detail/merge_maps__type_support_c.cpp.o[0m
[47.571s] [ 57%] [32mBuilding CXX object CMakeFiles/slam_toolbox__rosidl_typesupport_fastrtps_cpp.dir/rosidl_typesupport_fastrtps_cpp/slam_toolbox/srv/detail/dds_fastrtps/deserialize_pose_graph__type_support.cpp.o[0m
[47.582s] [ 58%] [32mBuilding CXX object CMakeFiles/slam_toolbox__rosidl_typesupport_fastrtps_c.dir/rosidl_typesupport_fastrtps_c/slam_toolbox/srv/detail/add_submap__type_support_c.cpp.o[0m
[47.598s] [ 59%] [32mBuilding CXX object CMakeFiles/slam_toolbox__rosidl_typesupport_fastrtps_cpp.dir/rosidl_typesupport_fastrtps_cpp/slam_toolbox/srv/detail/dds_fastrtps/serialize_pose_graph__type_support.cpp.o[0m
[47.601s] [ 59%] [32mBuilding CXX object CMakeFiles/slam_toolbox__rosidl_typesupport_fastrtps_c.dir/rosidl_typesupport_fastrtps_c/slam_toolbox/srv/detail/deserialize_pose_graph__type_support_c.cpp.o[0m
[47.605s] [ 59%] Built target slam_toolbox__rosidl_typesupport_introspection_c
[47.641s] [ 60%] [32mBuilding CXX object CMakeFiles/slam_toolbox__rosidl_typesupport_fastrtps_c.dir/rosidl_typesupport_fastrtps_c/slam_toolbox/srv/detail/serialize_pose_graph__type_support_c.cpp.o[0m
[47.665s] [ 61%] [32mBuilding CXX object CMakeFiles/SlamToolboxPlugin.dir/rviz_plugin/moc_slam_toolbox_rviz_plugin.cpp.o[0m
[47.715s] [ 61%] Built target slam_toolbox__rosidl_typesupport_introspection_cpp
[48.304s] [ 62%] [32m[1mLinking CXX shared library libslam_toolbox__rosidl_typesupport_fastrtps_c.so[0m
[48.387s] [ 63%] [32m[1mLinking CXX shared library libslam_toolbox__rosidl_typesupport_fastrtps_cpp.so[0m
[48.542s] [ 63%] Built target slam_toolbox__rosidl_typesupport_fastrtps_c
[48.615s] [ 63%] Built target slam_toolbox__rosidl_typesupport_fastrtps_cpp
[48.640s] [ 63%] Built target slam_toolbox
[48.664s] [ 63%] [34m[1mGenerating Python code for ROS interfaces[0m
[50.553s] [ 63%] Built target slam_toolbox__py
[50.579s] [ 64%] [32mBuilding C object CMakeFiles/slam_toolbox__rosidl_generator_py.dir/rosidl_generator_py/slam_toolbox/srv/_pause_s.c.o[0m
[50.579s] [ 64%] [32mBuilding C object CMakeFiles/slam_toolbox__rosidl_generator_py.dir/rosidl_generator_py/slam_toolbox/srv/_save_map_s.c.o[0m
[50.582s] [ 65%] [32mBuilding C object CMakeFiles/slam_toolbox__rosidl_generator_py.dir/rosidl_generator_py/slam_toolbox/srv/_loop_closure_s.c.o[0m
[50.583s] [ 66%] [32mBuilding C object CMakeFiles/slam_toolbox__rosidl_generator_py.dir/rosidl_generator_py/slam_toolbox/srv/_add_submap_s.c.o[0m
[50.583s] [ 67%] [32mBuilding C object CMakeFiles/slam_toolbox__rosidl_generator_py.dir/rosidl_generator_py/slam_toolbox/srv/_merge_maps_s.c.o[0m
[50.583s] [ 67%] [32mBuilding C object CMakeFiles/slam_toolbox__rosidl_generator_py.dir/rosidl_generator_py/slam_toolbox/srv/_deserialize_pose_graph_s.c.o[0m
[50.583s] [ 69%] [32mBuilding C object CMakeFiles/slam_toolbox__rosidl_generator_py.dir/rosidl_generator_py/slam_toolbox/srv/_serialize_pose_graph_s.c.o[0m
[50.584s] [ 69%] [32mBuilding C object CMakeFiles/slam_toolbox__rosidl_generator_py.dir/rosidl_generator_py/slam_toolbox/srv/_toggle_interactive_s.c.o[0m
[50.585s] [ 69%] [32mBuilding C object CMakeFiles/slam_toolbox__rosidl_generator_py.dir/rosidl_generator_py/slam_toolbox/srv/_clear_queue_s.c.o[0m
[50.589s] [ 70%] [32mBuilding C object CMakeFiles/slam_toolbox__rosidl_generator_py.dir/rosidl_generator_py/slam_toolbox/srv/_clear_s.c.o[0m
[50.857s] [ 71%] [32m[1mLinking C shared library rosidl_generator_py/slam_toolbox/libslam_toolbox__rosidl_generator_py.so[0m
[51.039s] [ 71%] Built target slam_toolbox__rosidl_generator_py
[51.062s] [ 72%] [32mBuilding C object CMakeFiles/slam_toolbox__rosidl_typesupport_fastrtps_c__pyext.dir/rosidl_generator_py/slam_toolbox/_slam_toolbox_s.ep.rosidl_typesupport_fastrtps_c.c.o[0m
[51.065s] [ 73%] [32mBuilding C object CMakeFiles/slam_toolbox__rosidl_typesupport_introspection_c__pyext.dir/rosidl_generator_py/slam_toolbox/_slam_toolbox_s.ep.rosidl_typesupport_introspection_c.c.o[0m
[51.066s] [ 74%] [32mBuilding C object CMakeFiles/slam_toolbox__rosidl_typesupport_c__pyext.dir/rosidl_generator_py/slam_toolbox/_slam_toolbox_s.ep.rosidl_typesupport_c.c.o[0m
[51.546s] [ 75%] [32m[1mLinking C shared library rosidl_generator_py/slam_toolbox/slam_toolbox_s__rosidl_typesupport_introspection_c.cpython-310-x86_64-linux-gnu.so[0m
[51.547s] [ 75%] [32m[1mLinking C shared library rosidl_generator_py/slam_toolbox/slam_toolbox_s__rosidl_typesupport_fastrtps_c.cpython-310-x86_64-linux-gnu.so[0m
[51.576s] [ 76%] [32m[1mLinking C shared library rosidl_generator_py/slam_toolbox/slam_toolbox_s__rosidl_typesupport_c.cpython-310-x86_64-linux-gnu.so[0m
[51.688s] [ 76%] Built target slam_toolbox__rosidl_typesupport_introspection_c__pyext
[51.690s] [ 76%] Built target slam_toolbox__rosidl_typesupport_fastrtps_c__pyext
[51.770s] [ 76%] Built target slam_toolbox__rosidl_typesupport_c__pyext
[70.991s] [ 77%] [32m[1mLinking CXX shared library libkartoSlamToolbox.so[0m
[71.520s] [ 77%] Built target kartoSlamToolbox
[71.543s] [ 78%] [32mBuilding CXX object CMakeFiles/ceres_solver_plugin.dir/solvers/ceres_solver.cpp.o[0m
[71.544s] [ 79%] [32mBuilding CXX object CMakeFiles/toolbox_common.dir/src/slam_toolbox_common.cpp.o[0m
[71.544s] [ 80%] [32mBuilding CXX object CMakeFiles/toolbox_common.dir/src/laser_utils.cpp.o[0m
[71.545s] [ 81%] [32mBuilding CXX object CMakeFiles/toolbox_common.dir/src/map_saver.cpp.o[0m
[71.545s] [ 82%] [32mBuilding CXX object CMakeFiles/toolbox_common.dir/src/slam_mapper.cpp.o[0m
[71.548s] [ 82%] [32mBuilding CXX object CMakeFiles/toolbox_common.dir/src/loop_closure_assistant.cpp.o[0m
[76.365s] [ 82%] [32m[1mLinking CXX shared library libSlamToolboxPlugin.so[0m
[78.044s] [ 82%] Built target SlamToolboxPlugin
[94.058s] [ 83%] [32m[1mLinking CXX shared library libceres_solver_plugin.so[0m
[94.726s] [ 83%] Built target ceres_solver_plugin
[116.586s] [ 84%] [32m[1mLinking CXX shared library libtoolbox_common.so[0m
[117.619s] [ 84%] Built target toolbox_common
[117.644s] [ 85%] [32mBuilding CXX object CMakeFiles/localization_slam_toolbox.dir/src/slam_toolbox_localization.cpp.o[0m
[117.644s] [ 85%] [32mBuilding CXX object CMakeFiles/sync_slam_toolbox.dir/src/slam_toolbox_sync.cpp.o[0m
[117.645s] [ 86%] [32mBuilding CXX object CMakeFiles/async_slam_toolbox.dir/src/slam_toolbox_async.cpp.o[0m
[117.646s] [ 87%] [32mBuilding CXX object CMakeFiles/lifelong_slam_toolbox.dir/src/experimental/slam_toolbox_lifelong.cpp.o[0m
[117.647s] [ 88%] [32mBuilding CXX object CMakeFiles/merge_maps_kinematic.dir/src/merge_maps_kinematic.cpp.o[0m
[135.640s] [ 89%] [32m[1mLinking CXX shared library libasync_slam_toolbox.so[0m
[136.413s] [ 89%] Built target async_slam_toolbox
[136.443s] [ 90%] [32mBuilding CXX object CMakeFiles/async_slam_toolbox_node.dir/src/slam_toolbox_async_node.cpp.o[0m
[136.486s] [ 90%] [32m[1mLinking CXX shared library liblifelong_slam_toolbox.so[0m
[137.198s] [ 90%] Built target lifelong_slam_toolbox
[137.227s] [ 91%] [32mBuilding CXX object CMakeFiles/lifelong_slam_toolbox_node.dir/src/experimental/slam_toolbox_lifelong_node.cpp.o[0m
[137.749s] [ 92%] [32m[1mLinking CXX shared library libsync_slam_toolbox.so[0m
[138.606s] [ 92%] Built target sync_slam_toolbox
[138.636s] [ 93%] [32mBuilding CXX object CMakeFiles/sync_slam_toolbox_node.dir/src/slam_toolbox_sync_node.cpp.o[0m
[142.022s] [ 94%] [32m[1mLinking CXX executable merge_maps_kinematic[0m
[142.775s] [ 94%] Built target merge_maps_kinematic
[146.635s] [ 95%] [32m[1mLinking CXX shared library liblocalization_slam_toolbox.so[0m
[147.363s] [ 95%] Built target localization_slam_toolbox
[147.388s] [ 95%] [32mBuilding CXX object CMakeFiles/map_and_localization_slam_toolbox.dir/src/experimental/slam_toolbox_map_and_localization.cpp.o[0m
[147.388s] [ 96%] [32mBuilding CXX object CMakeFiles/localization_slam_toolbox_node.dir/src/slam_toolbox_localization_node.cpp.o[0m
[152.865s] [ 96%] [32m[1mLinking CXX executable async_slam_toolbox_node[0m
[153.261s] [ 97%] [32m[1mLinking CXX executable lifelong_slam_toolbox_node[0m
[153.459s] [ 97%] Built target async_slam_toolbox_node
[153.856s] [ 97%] Built target lifelong_slam_toolbox_node
[154.567s] [ 97%] [32m[1mLinking CXX executable sync_slam_toolbox_node[0m
[155.088s] [ 97%] Built target sync_slam_toolbox_node
[162.252s] [ 98%] [32m[1mLinking CXX executable localization_slam_toolbox_node[0m
[162.826s] [ 98%] Built target localization_slam_toolbox_node
[171.922s] [ 99%] [32m[1mLinking CXX shared library libmap_and_localization_slam_toolbox.so[0m
[172.595s] [ 99%] Built target map_and_localization_slam_toolbox
[172.619s] [100%] [32mBuilding CXX object CMakeFiles/map_and_localization_slam_toolbox_node.dir/src/experimental/slam_toolbox_map_and_localization_node.cpp.o[0m
[187.254s] [100%] [32m[1mLinking CXX executable map_and_localization_slam_toolbox_node[0m
[187.789s] [100%] Built target map_and_localization_slam_toolbox_node
[187.833s] Invoked command in '/home/ubuntu22/lidar_slam_ws/build/slam_toolbox' returned '0': CMAKE_PREFIX_PATH=${CMAKE_PREFIX_PATH}:/opt/ros/humble /usr/bin/cmake --build /home/ubuntu22/lidar_slam_ws/build/slam_toolbox -- -j16 -l16
[187.853s] Invoking command in '/home/ubuntu22/lidar_slam_ws/build/slam_toolbox': CMAKE_PREFIX_PATH=${CMAKE_PREFIX_PATH}:/opt/ros/humble /usr/bin/cmake --install /home/ubuntu22/lidar_slam_ws/build/slam_toolbox
[187.867s] -- Install configuration: "Release"
[187.869s] -- Execute custom install script
[187.871s] -- Symlinking: /home/ubuntu22/lidar_slam_ws/install/slam_toolbox/include//karto_sdk/Karto.h
[187.881s] -- Symlinking: /home/ubuntu22/lidar_slam_ws/install/slam_toolbox/include//karto_sdk/Macros.h
[187.891s] -- Symlinking: /home/ubuntu22/lidar_slam_ws/install/slam_toolbox/include//karto_sdk/Mapper.h
[187.900s] -- Symlinking: /home/ubuntu22/lidar_slam_ws/install/slam_toolbox/include//karto_sdk/Math.h
[187.909s] -- Symlinking: /home/ubuntu22/lidar_slam_ws/install/slam_toolbox/include//karto_sdk/Types.h
[187.920s] -- Symlinking: /home/ubuntu22/lidar_slam_ws/install/slam_toolbox/include//karto_sdk/nanoflann.hpp
[187.931s] -- Symlinking: /home/ubuntu22/lidar_slam_ws/install/slam_toolbox/include//karto_sdk/nanoflann_adaptors.h
[187.941s] -- Symlinking: /home/ubuntu22/lidar_slam_ws/install/slam_toolbox/share/ament_index/resource_index/rosidl_interfaces/slam_toolbox
[187.953s] -- Symlinking: /home/ubuntu22/lidar_slam_ws/install/slam_toolbox/include/slam_toolbox/slam_toolbox/msg/rosidl_generator_c__visibility_control.h
[187.962s] -- Symlinking: /home/ubuntu22/lidar_slam_ws/install/slam_toolbox/include/slam_toolbox/slam_toolbox/srv/add_submap.h
[187.971s] -- Symlinking: /home/ubuntu22/lidar_slam_ws/install/slam_toolbox/include/slam_toolbox/slam_toolbox/srv/clear.h
[187.980s] -- Symlinking: /home/ubuntu22/lidar_slam_ws/install/slam_toolbox/include/slam_toolbox/slam_toolbox/srv/clear_queue.h
[187.989s] -- Symlinking: /home/ubuntu22/lidar_slam_ws/install/slam_toolbox/include/slam_toolbox/slam_toolbox/srv/deserialize_pose_graph.h
[187.998s] -- Symlinking: /home/ubuntu22/lidar_slam_ws/install/slam_toolbox/include/slam_toolbox/slam_toolbox/srv/detail/add_submap__functions.h
[188.007s] -- Symlinking: /home/ubuntu22/lidar_slam_ws/install/slam_toolbox/include/slam_toolbox/slam_toolbox/srv/detail/add_submap__struct.h
[188.016s] -- Symlinking: /home/ubuntu22/lidar_slam_ws/install/slam_toolbox/include/slam_toolbox/slam_toolbox/srv/detail/add_submap__type_support.h
[188.025s] -- Symlinking: /home/ubuntu22/lidar_slam_ws/install/slam_toolbox/include/slam_toolbox/slam_toolbox/srv/detail/clear__functions.h
[188.035s] -- Symlinking: /home/ubuntu22/lidar_slam_ws/install/slam_toolbox/include/slam_toolbox/slam_toolbox/srv/detail/clear__struct.h
[188.045s] -- Symlinking: /home/ubuntu22/lidar_slam_ws/install/slam_toolbox/include/slam_toolbox/slam_toolbox/srv/detail/clear__type_support.h
[188.054s] -- Symlinking: /home/ubuntu22/lidar_slam_ws/install/slam_toolbox/include/slam_toolbox/slam_toolbox/srv/detail/clear_queue__functions.h
[188.066s] -- Symlinking: /home/ubuntu22/lidar_slam_ws/install/slam_toolbox/include/slam_toolbox/slam_toolbox/srv/detail/clear_queue__struct.h
[188.075s] -- Symlinking: /home/ubuntu22/lidar_slam_ws/install/slam_toolbox/include/slam_toolbox/slam_toolbox/srv/detail/clear_queue__type_support.h
[188.085s] -- Symlinking: /home/ubuntu22/lidar_slam_ws/install/slam_toolbox/include/slam_toolbox/slam_toolbox/srv/detail/deserialize_pose_graph__functions.h
[188.094s] -- Symlinking: /home/ubuntu22/lidar_slam_ws/install/slam_toolbox/include/slam_toolbox/slam_toolbox/srv/detail/deserialize_pose_graph__struct.h
[188.103s] -- Symlinking: /home/ubuntu22/lidar_slam_ws/install/slam_toolbox/include/slam_toolbox/slam_toolbox/srv/detail/deserialize_pose_graph__type_support.h
[188.112s] -- Symlinking: /home/ubuntu22/lidar_slam_ws/install/slam_toolbox/include/slam_toolbox/slam_toolbox/srv/detail/loop_closure__functions.h
[188.121s] -- Symlinking: /home/ubuntu22/lidar_slam_ws/install/slam_toolbox/include/slam_toolbox/slam_toolbox/srv/detail/loop_closure__struct.h
[188.131s] -- Symlinking: /home/ubuntu22/lidar_slam_ws/install/slam_toolbox/include/slam_toolbox/slam_toolbox/srv/detail/loop_closure__type_support.h
[188.140s] -- Symlinking: /home/ubuntu22/lidar_slam_ws/install/slam_toolbox/include/slam_toolbox/slam_toolbox/srv/detail/merge_maps__functions.h
[188.150s] -- Symlinking: /home/ubuntu22/lidar_slam_ws/install/slam_toolbox/include/slam_toolbox/slam_toolbox/srv/detail/merge_maps__struct.h
[188.158s] -- Symlinking: /home/ubuntu22/lidar_slam_ws/install/slam_toolbox/include/slam_toolbox/slam_toolbox/srv/detail/merge_maps__type_support.h
[188.168s] -- Symlinking: /home/ubuntu22/lidar_slam_ws/install/slam_toolbox/include/slam_toolbox/slam_toolbox/srv/detail/pause__functions.h
[188.177s] -- Symlinking: /home/ubuntu22/lidar_slam_ws/install/slam_toolbox/include/slam_toolbox/slam_toolbox/srv/detail/pause__struct.h
[188.186s] -- Symlinking: /home/ubuntu22/lidar_slam_ws/install/slam_toolbox/include/slam_toolbox/slam_toolbox/srv/detail/pause__type_support.h
[188.195s] -- Symlinking: /home/ubuntu22/lidar_slam_ws/install/slam_toolbox/include/slam_toolbox/slam_toolbox/srv/detail/save_map__functions.h
[188.204s] -- Symlinking: /home/ubuntu22/lidar_slam_ws/install/slam_toolbox/include/slam_toolbox/slam_toolbox/srv/detail/save_map__struct.h
[188.213s] -- Symlinking: /home/ubuntu22/lidar_slam_ws/install/slam_toolbox/include/slam_toolbox/slam_toolbox/srv/detail/save_map__type_support.h
[188.222s] -- Symlinking: /home/ubuntu22/lidar_slam_ws/install/slam_toolbox/include/slam_toolbox/slam_toolbox/srv/detail/serialize_pose_graph__functions.h
[188.231s] -- Symlinking: /home/ubuntu22/lidar_slam_ws/install/slam_toolbox/include/slam_toolbox/slam_toolbox/srv/detail/serialize_pose_graph__struct.h
[188.241s] -- Symlinking: /home/ubuntu22/lidar_slam_ws/install/slam_toolbox/include/slam_toolbox/slam_toolbox/srv/detail/serialize_pose_graph__type_support.h
[188.251s] -- Symlinking: /home/ubuntu22/lidar_slam_ws/install/slam_toolbox/include/slam_toolbox/slam_toolbox/srv/detail/toggle_interactive__functions.h
[188.260s] -- Symlinking: /home/ubuntu22/lidar_slam_ws/install/slam_toolbox/include/slam_toolbox/slam_toolbox/srv/detail/toggle_interactive__struct.h
[188.269s] -- Symlinking: /home/ubuntu22/lidar_slam_ws/install/slam_toolbox/include/slam_toolbox/slam_toolbox/srv/detail/toggle_interactive__type_support.h
[188.278s] -- Symlinking: /home/ubuntu22/lidar_slam_ws/install/slam_toolbox/include/slam_toolbox/slam_toolbox/srv/loop_closure.h
[188.286s] -- Symlinking: /home/ubuntu22/lidar_slam_ws/install/slam_toolbox/include/slam_toolbox/slam_toolbox/srv/merge_maps.h
[188.296s] -- Symlinking: /home/ubuntu22/lidar_slam_ws/install/slam_toolbox/include/slam_toolbox/slam_toolbox/srv/pause.h
[188.306s] -- Symlinking: /home/ubuntu22/lidar_slam_ws/install/slam_toolbox/include/slam_toolbox/slam_toolbox/srv/save_map.h
[188.314s] -- Symlinking: /home/ubuntu22/lidar_slam_ws/install/slam_toolbox/include/slam_toolbox/slam_toolbox/srv/serialize_pose_graph.h
[188.323s] -- Symlinking: /home/ubuntu22/lidar_slam_ws/install/slam_toolbox/include/slam_toolbox/slam_toolbox/srv/toggle_interactive.h
[188.333s] -- Symlinking: /home/ubuntu22/lidar_slam_ws/install/slam_toolbox/share/slam_toolbox/environment/library_path.sh
[188.343s] -- Symlinking: /home/ubuntu22/lidar_slam_ws/install/slam_toolbox/share/slam_toolbox/environment/library_path.dsv
[188.354s] -- Symlinking: /home/ubuntu22/lidar_slam_ws/install/slam_toolbox/include/slam_toolbox/slam_toolbox/msg/rosidl_typesupport_fastrtps_c__visibility_control.h
[188.362s] -- Symlinking: /home/ubuntu22/lidar_slam_ws/install/slam_toolbox/include/slam_toolbox/slam_toolbox/srv/detail/add_submap__rosidl_typesupport_fastrtps_c.h
[188.371s] -- Symlinking: /home/ubuntu22/lidar_slam_ws/install/slam_toolbox/include/slam_toolbox/slam_toolbox/srv/detail/clear__rosidl_typesupport_fastrtps_c.h
[188.380s] -- Symlinking: /home/ubuntu22/lidar_slam_ws/install/slam_toolbox/include/slam_toolbox/slam_toolbox/srv/detail/clear_queue__rosidl_typesupport_fastrtps_c.h
[188.390s] -- Symlinking: /home/ubuntu22/lidar_slam_ws/install/slam_toolbox/include/slam_toolbox/slam_toolbox/srv/detail/deserialize_pose_graph__rosidl_typesupport_fastrtps_c.h
[188.399s] -- Symlinking: /home/ubuntu22/lidar_slam_ws/install/slam_toolbox/include/slam_toolbox/slam_toolbox/srv/detail/loop_closure__rosidl_typesupport_fastrtps_c.h
[188.407s] -- Symlinking: /home/ubuntu22/lidar_slam_ws/install/slam_toolbox/include/slam_toolbox/slam_toolbox/srv/detail/merge_maps__rosidl_typesupport_fastrtps_c.h
[188.416s] -- Symlinking: /home/ubuntu22/lidar_slam_ws/install/slam_toolbox/include/slam_toolbox/slam_toolbox/srv/detail/pause__rosidl_typesupport_fastrtps_c.h
[188.426s] -- Symlinking: /home/ubuntu22/lidar_slam_ws/install/slam_toolbox/include/slam_toolbox/slam_toolbox/srv/detail/save_map__rosidl_typesupport_fastrtps_c.h
[188.436s] -- Symlinking: /home/ubuntu22/lidar_slam_ws/install/slam_toolbox/include/slam_toolbox/slam_toolbox/srv/detail/serialize_pose_graph__rosidl_typesupport_fastrtps_c.h
[188.445s] -- Symlinking: /home/ubuntu22/lidar_slam_ws/install/slam_toolbox/include/slam_toolbox/slam_toolbox/srv/detail/toggle_interactive__rosidl_typesupport_fastrtps_c.h
[188.455s] -- Symlinking: /home/ubuntu22/lidar_slam_ws/install/slam_toolbox/include/slam_toolbox/slam_toolbox/msg/rosidl_generator_cpp__visibility_control.hpp
[188.464s] -- Symlinking: /home/ubuntu22/lidar_slam_ws/install/slam_toolbox/include/slam_toolbox/slam_toolbox/srv/add_submap.hpp
[188.473s] -- Symlinking: /home/ubuntu22/lidar_slam_ws/install/slam_toolbox/include/slam_toolbox/slam_toolbox/srv/clear.hpp
[188.482s] -- Symlinking: /home/ubuntu22/lidar_slam_ws/install/slam_toolbox/include/slam_toolbox/slam_toolbox/srv/clear_queue.hpp
[188.491s] -- Symlinking: /home/ubuntu22/lidar_slam_ws/install/slam_toolbox/include/slam_toolbox/slam_toolbox/srv/deserialize_pose_graph.hpp
[188.500s] -- Symlinking: /home/ubuntu22/lidar_slam_ws/install/slam_toolbox/include/slam_toolbox/slam_toolbox/srv/detail/add_submap__builder.hpp
[188.509s] -- Symlinking: /home/ubuntu22/lidar_slam_ws/install/slam_toolbox/include/slam_toolbox/slam_toolbox/srv/detail/add_submap__struct.hpp
[188.518s] -- Symlinking: /home/ubuntu22/lidar_slam_ws/install/slam_toolbox/include/slam_toolbox/slam_toolbox/srv/detail/add_submap__traits.hpp
[188.527s] -- Symlinking: /home/ubuntu22/lidar_slam_ws/install/slam_toolbox/include/slam_toolbox/slam_toolbox/srv/detail/add_submap__type_support.hpp
[188.536s] -- Symlinking: /home/ubuntu22/lidar_slam_ws/install/slam_toolbox/include/slam_toolbox/slam_toolbox/srv/detail/clear__builder.hpp
[188.546s] -- Symlinking: /home/ubuntu22/lidar_slam_ws/install/slam_toolbox/include/slam_toolbox/slam_toolbox/srv/detail/clear__struct.hpp
[188.555s] -- Symlinking: /home/ubuntu22/lidar_slam_ws/install/slam_toolbox/include/slam_toolbox/slam_toolbox/srv/detail/clear__traits.hpp
[188.565s] -- Symlinking: /home/ubuntu22/lidar_slam_ws/install/slam_toolbox/include/slam_toolbox/slam_toolbox/srv/detail/clear__type_support.hpp
[188.574s] -- Symlinking: /home/ubuntu22/lidar_slam_ws/install/slam_toolbox/include/slam_toolbox/slam_toolbox/srv/detail/clear_queue__builder.hpp
[188.583s] -- Symlinking: /home/ubuntu22/lidar_slam_ws/install/slam_toolbox/include/slam_toolbox/slam_toolbox/srv/detail/clear_queue__struct.hpp
[188.592s] -- Symlinking: /home/ubuntu22/lidar_slam_ws/install/slam_toolbox/include/slam_toolbox/slam_toolbox/srv/detail/clear_queue__traits.hpp
[188.601s] -- Symlinking: /home/ubuntu22/lidar_slam_ws/install/slam_toolbox/include/slam_toolbox/slam_toolbox/srv/detail/clear_queue__type_support.hpp
[188.610s] -- Symlinking: /home/ubuntu22/lidar_slam_ws/install/slam_toolbox/include/slam_toolbox/slam_toolbox/srv/detail/deserialize_pose_graph__builder.hpp
[188.619s] -- Symlinking: /home/ubuntu22/lidar_slam_ws/install/slam_toolbox/include/slam_toolbox/slam_toolbox/srv/detail/deserialize_pose_graph__struct.hpp
[188.628s] -- Symlinking: /home/ubuntu22/lidar_slam_ws/install/slam_toolbox/include/slam_toolbox/slam_toolbox/srv/detail/deserialize_pose_graph__traits.hpp
[188.637s] -- Symlinking: /home/ubuntu22/lidar_slam_ws/install/slam_toolbox/include/slam_toolbox/slam_toolbox/srv/detail/deserialize_pose_graph__type_support.hpp
[188.646s] -- Symlinking: /home/ubuntu22/lidar_slam_ws/install/slam_toolbox/include/slam_toolbox/slam_toolbox/srv/detail/loop_closure__builder.hpp
[188.655s] -- Symlinking: /home/ubuntu22/lidar_slam_ws/install/slam_toolbox/include/slam_toolbox/slam_toolbox/srv/detail/loop_closure__struct.hpp
[188.665s] -- Symlinking: /home/ubuntu22/lidar_slam_ws/install/slam_toolbox/include/slam_toolbox/slam_toolbox/srv/detail/loop_closure__traits.hpp
[188.674s] -- Symlinking: /home/ubuntu22/lidar_slam_ws/install/slam_toolbox/include/slam_toolbox/slam_toolbox/srv/detail/loop_closure__type_support.hpp
[188.683s] -- Symlinking: /home/ubuntu22/lidar_slam_ws/install/slam_toolbox/include/slam_toolbox/slam_toolbox/srv/detail/merge_maps__builder.hpp
[188.692s] -- Symlinking: /home/ubuntu22/lidar_slam_ws/install/slam_toolbox/include/slam_toolbox/slam_toolbox/srv/detail/merge_maps__struct.hpp
[188.701s] -- Symlinking: /home/ubuntu22/lidar_slam_ws/install/slam_toolbox/include/slam_toolbox/slam_toolbox/srv/detail/merge_maps__traits.hpp
[188.711s] -- Symlinking: /home/ubuntu22/lidar_slam_ws/install/slam_toolbox/include/slam_toolbox/slam_toolbox/srv/detail/merge_maps__type_support.hpp
[188.720s] -- Symlinking: /home/ubuntu22/lidar_slam_ws/install/slam_toolbox/include/slam_toolbox/slam_toolbox/srv/detail/pause__builder.hpp
[188.729s] -- Symlinking: /home/ubuntu22/lidar_slam_ws/install/slam_toolbox/include/slam_toolbox/slam_toolbox/srv/detail/pause__struct.hpp
[188.739s] -- Symlinking: /home/ubuntu22/lidar_slam_ws/install/slam_toolbox/include/slam_toolbox/slam_toolbox/srv/detail/pause__traits.hpp
[188.749s] -- Symlinking: /home/ubuntu22/lidar_slam_ws/install/slam_toolbox/include/slam_toolbox/slam_toolbox/srv/detail/pause__type_support.hpp
[188.759s] -- Symlinking: /home/ubuntu22/lidar_slam_ws/install/slam_toolbox/include/slam_toolbox/slam_toolbox/srv/detail/save_map__builder.hpp
[188.768s] -- Symlinking: /home/ubuntu22/lidar_slam_ws/install/slam_toolbox/include/slam_toolbox/slam_toolbox/srv/detail/save_map__struct.hpp
[188.778s] -- Symlinking: /home/ubuntu22/lidar_slam_ws/install/slam_toolbox/include/slam_toolbox/slam_toolbox/srv/detail/save_map__traits.hpp
[188.788s] -- Symlinking: /home/ubuntu22/lidar_slam_ws/install/slam_toolbox/include/slam_toolbox/slam_toolbox/srv/detail/save_map__type_support.hpp
[188.798s] -- Symlinking: /home/ubuntu22/lidar_slam_ws/install/slam_toolbox/include/slam_toolbox/slam_toolbox/srv/detail/serialize_pose_graph__builder.hpp
[188.808s] -- Symlinking: /home/ubuntu22/lidar_slam_ws/install/slam_toolbox/include/slam_toolbox/slam_toolbox/srv/detail/serialize_pose_graph__struct.hpp
[188.818s] -- Symlinking: /home/ubuntu22/lidar_slam_ws/install/slam_toolbox/include/slam_toolbox/slam_toolbox/srv/detail/serialize_pose_graph__traits.hpp
[188.828s] -- Symlinking: /home/ubuntu22/lidar_slam_ws/install/slam_toolbox/include/slam_toolbox/slam_toolbox/srv/detail/serialize_pose_graph__type_support.hpp
[188.838s] -- Symlinking: /home/ubuntu22/lidar_slam_ws/install/slam_toolbox/include/slam_toolbox/slam_toolbox/srv/detail/toggle_interactive__builder.hpp
[188.848s] -- Symlinking: /home/ubuntu22/lidar_slam_ws/install/slam_toolbox/include/slam_toolbox/slam_toolbox/srv/detail/toggle_interactive__struct.hpp
[188.858s] -- Symlinking: /home/ubuntu22/lidar_slam_ws/install/slam_toolbox/include/slam_toolbox/slam_toolbox/srv/detail/toggle_interactive__traits.hpp
[188.867s] -- Symlinking: /home/ubuntu22/lidar_slam_ws/install/slam_toolbox/include/slam_toolbox/slam_toolbox/srv/detail/toggle_interactive__type_support.hpp
[188.877s] -- Symlinking: /home/ubuntu22/lidar_slam_ws/install/slam_toolbox/include/slam_toolbox/slam_toolbox/srv/loop_closure.hpp
[188.886s] -- Symlinking: /home/ubuntu22/lidar_slam_ws/install/slam_toolbox/include/slam_toolbox/slam_toolbox/srv/merge_maps.hpp
[188.896s] -- Symlinking: /home/ubuntu22/lidar_slam_ws/install/slam_toolbox/include/slam_toolbox/slam_toolbox/srv/pause.hpp
[188.905s] -- Symlinking: /home/ubuntu22/lidar_slam_ws/install/slam_toolbox/include/slam_toolbox/slam_toolbox/srv/save_map.hpp
[188.914s] -- Symlinking: /home/ubuntu22/lidar_slam_ws/install/slam_toolbox/include/slam_toolbox/slam_toolbox/srv/serialize_pose_graph.hpp
[188.924s] -- Symlinking: /home/ubuntu22/lidar_slam_ws/install/slam_toolbox/include/slam_toolbox/slam_toolbox/srv/toggle_interactive.hpp
[188.935s] -- Symlinking: /home/ubuntu22/lidar_slam_ws/install/slam_toolbox/include/slam_toolbox/slam_toolbox/msg/rosidl_typesupport_fastrtps_cpp__visibility_control.h
[188.944s] -- Symlinking: /home/ubuntu22/lidar_slam_ws/install/slam_toolbox/include/slam_toolbox/slam_toolbox/srv/detail/add_submap__rosidl_typesupport_fastrtps_cpp.hpp
[188.954s] -- Symlinking: /home/ubuntu22/lidar_slam_ws/install/slam_toolbox/include/slam_toolbox/slam_toolbox/srv/detail/clear__rosidl_typesupport_fastrtps_cpp.hpp
[188.964s] -- Symlinking: /home/ubuntu22/lidar_slam_ws/install/slam_toolbox/include/slam_toolbox/slam_toolbox/srv/detail/clear_queue__rosidl_typesupport_fastrtps_cpp.hpp
[188.974s] -- Symlinking: /home/ubuntu22/lidar_slam_ws/install/slam_toolbox/include/slam_toolbox/slam_toolbox/srv/detail/deserialize_pose_graph__rosidl_typesupport_fastrtps_cpp.hpp
[188.983s] -- Symlinking: /home/ubuntu22/lidar_slam_ws/install/slam_toolbox/include/slam_toolbox/slam_toolbox/srv/detail/loop_closure__rosidl_typesupport_fastrtps_cpp.hpp
[188.992s] -- Symlinking: /home/ubuntu22/lidar_slam_ws/install/slam_toolbox/include/slam_toolbox/slam_toolbox/srv/detail/merge_maps__rosidl_typesupport_fastrtps_cpp.hpp
[189.001s] -- Symlinking: /home/ubuntu22/lidar_slam_ws/install/slam_toolbox/include/slam_toolbox/slam_toolbox/srv/detail/pause__rosidl_typesupport_fastrtps_cpp.hpp
[189.010s] -- Symlinking: /home/ubuntu22/lidar_slam_ws/install/slam_toolbox/include/slam_toolbox/slam_toolbox/srv/detail/save_map__rosidl_typesupport_fastrtps_cpp.hpp
[189.019s] -- Symlinking: /home/ubuntu22/lidar_slam_ws/install/slam_toolbox/include/slam_toolbox/slam_toolbox/srv/detail/serialize_pose_graph__rosidl_typesupport_fastrtps_cpp.hpp
[189.028s] -- Symlinking: /home/ubuntu22/lidar_slam_ws/install/slam_toolbox/include/slam_toolbox/slam_toolbox/srv/detail/toggle_interactive__rosidl_typesupport_fastrtps_cpp.hpp
[189.038s] -- Symlinking: /home/ubuntu22/lidar_slam_ws/install/slam_toolbox/include/slam_toolbox/slam_toolbox/msg/rosidl_typesupport_introspection_c__visibility_control.h
[189.047s] -- Symlinking: /home/ubuntu22/lidar_slam_ws/install/slam_toolbox/include/slam_toolbox/slam_toolbox/srv/detail/add_submap__rosidl_typesupport_introspection_c.h
[189.057s] -- Symlinking: /home/ubuntu22/lidar_slam_ws/install/slam_toolbox/include/slam_toolbox/slam_toolbox/srv/detail/clear__rosidl_typesupport_introspection_c.h
[189.065s] -- Symlinking: /home/ubuntu22/lidar_slam_ws/install/slam_toolbox/include/slam_toolbox/slam_toolbox/srv/detail/clear_queue__rosidl_typesupport_introspection_c.h
[189.075s] -- Symlinking: /home/ubuntu22/lidar_slam_ws/install/slam_toolbox/include/slam_toolbox/slam_toolbox/srv/detail/deserialize_pose_graph__rosidl_typesupport_introspection_c.h
[189.084s] -- Symlinking: /home/ubuntu22/lidar_slam_ws/install/slam_toolbox/include/slam_toolbox/slam_toolbox/srv/detail/loop_closure__rosidl_typesupport_introspection_c.h
[189.094s] -- Symlinking: /home/ubuntu22/lidar_slam_ws/install/slam_toolbox/include/slam_toolbox/slam_toolbox/srv/detail/merge_maps__rosidl_typesupport_introspection_c.h
[189.102s] -- Symlinking: /home/ubuntu22/lidar_slam_ws/install/slam_toolbox/include/slam_toolbox/slam_toolbox/srv/detail/pause__rosidl_typesupport_introspection_c.h
[189.112s] -- Symlinking: /home/ubuntu22/lidar_slam_ws/install/slam_toolbox/include/slam_toolbox/slam_toolbox/srv/detail/save_map__rosidl_typesupport_introspection_c.h
[189.121s] -- Symlinking: /home/ubuntu22/lidar_slam_ws/install/slam_toolbox/include/slam_toolbox/slam_toolbox/srv/detail/serialize_pose_graph__rosidl_typesupport_introspection_c.h
[189.133s] -- Symlinking: /home/ubuntu22/lidar_slam_ws/install/slam_toolbox/include/slam_toolbox/slam_toolbox/srv/detail/toggle_interactive__rosidl_typesupport_introspection_c.h
[189.143s] -- Symlinking: /home/ubuntu22/lidar_slam_ws/install/slam_toolbox/include/slam_toolbox/slam_toolbox/srv/detail/add_submap__rosidl_typesupport_introspection_cpp.hpp
[189.153s] -- Symlinking: /home/ubuntu22/lidar_slam_ws/install/slam_toolbox/include/slam_toolbox/slam_toolbox/srv/detail/clear__rosidl_typesupport_introspection_cpp.hpp
[189.161s] -- Symlinking: /home/ubuntu22/lidar_slam_ws/install/slam_toolbox/include/slam_toolbox/slam_toolbox/srv/detail/clear_queue__rosidl_typesupport_introspection_cpp.hpp
[189.171s] -- Symlinking: /home/ubuntu22/lidar_slam_ws/install/slam_toolbox/include/slam_toolbox/slam_toolbox/srv/detail/deserialize_pose_graph__rosidl_typesupport_introspection_cpp.hpp
[189.180s] -- Symlinking: /home/ubuntu22/lidar_slam_ws/install/slam_toolbox/include/slam_toolbox/slam_toolbox/srv/detail/loop_closure__rosidl_typesupport_introspection_cpp.hpp
[189.190s] -- Symlinking: /home/ubuntu22/lidar_slam_ws/install/slam_toolbox/include/slam_toolbox/slam_toolbox/srv/detail/merge_maps__rosidl_typesupport_introspection_cpp.hpp
[189.199s] -- Symlinking: /home/ubuntu22/lidar_slam_ws/install/slam_toolbox/include/slam_toolbox/slam_toolbox/srv/detail/pause__rosidl_typesupport_introspection_cpp.hpp
[189.208s] -- Symlinking: /home/ubuntu22/lidar_slam_ws/install/slam_toolbox/include/slam_toolbox/slam_toolbox/srv/detail/save_map__rosidl_typesupport_introspection_cpp.hpp
[189.216s] -- Symlinking: /home/ubuntu22/lidar_slam_ws/install/slam_toolbox/include/slam_toolbox/slam_toolbox/srv/detail/serialize_pose_graph__rosidl_typesupport_introspection_cpp.hpp
[189.225s] -- Symlinking: /home/ubuntu22/lidar_slam_ws/install/slam_toolbox/include/slam_toolbox/slam_toolbox/srv/detail/toggle_interactive__rosidl_typesupport_introspection_cpp.hpp
[189.236s] -- Symlinking: /home/ubuntu22/lidar_slam_ws/install/slam_toolbox/share/slam_toolbox/environment/pythonpath.sh
[189.245s] -- Symlinking: /home/ubuntu22/lidar_slam_ws/install/slam_toolbox/share/slam_toolbox/environment/pythonpath.dsv
[189.256s] -- Symlinking: /home/ubuntu22/lidar_slam_ws/install/slam_toolbox/local/lib/python3.10/dist-packages/slam_toolbox-2.6.10-py3.10.egg-info/PKG-INFO
[189.265s] -- Symlinking: /home/ubuntu22/lidar_slam_ws/install/slam_toolbox/local/lib/python3.10/dist-packages/slam_toolbox-2.6.10-py3.10.egg-info/SOURCES.txt
[189.274s] -- Symlinking: /home/ubuntu22/lidar_slam_ws/install/slam_toolbox/local/lib/python3.10/dist-packages/slam_toolbox-2.6.10-py3.10.egg-info/dependency_links.txt
[189.284s] -- Symlinking: /home/ubuntu22/lidar_slam_ws/install/slam_toolbox/local/lib/python3.10/dist-packages/slam_toolbox-2.6.10-py3.10.egg-info/top_level.txt
[189.294s] -- Symlinking: /home/ubuntu22/lidar_slam_ws/install/slam_toolbox/local/lib/python3.10/dist-packages/slam_toolbox/__init__.py
[189.303s] -- Symlinking: /home/ubuntu22/lidar_slam_ws/install/slam_toolbox/local/lib/python3.10/dist-packages/slam_toolbox/_slam_toolbox_s.ep.rosidl_typesupport_c.c
[189.312s] -- Symlinking: /home/ubuntu22/lidar_slam_ws/install/slam_toolbox/local/lib/python3.10/dist-packages/slam_toolbox/_slam_toolbox_s.ep.rosidl_typesupport_fastrtps_c.c
[189.321s] -- Symlinking: /home/ubuntu22/lidar_slam_ws/install/slam_toolbox/local/lib/python3.10/dist-packages/slam_toolbox/_slam_toolbox_s.ep.rosidl_typesupport_introspection_c.c
[189.330s] -- Symlinking: /home/ubuntu22/lidar_slam_ws/install/slam_toolbox/local/lib/python3.10/dist-packages/slam_toolbox/libslam_toolbox__rosidl_generator_py.so
[189.339s] -- Symlinking: /home/ubuntu22/lidar_slam_ws/install/slam_toolbox/local/lib/python3.10/dist-packages/slam_toolbox/slam_toolbox_s__rosidl_typesupport_c.cpython-310-x86_64-linux-gnu.so
[189.349s] -- Symlinking: /home/ubuntu22/lidar_slam_ws/install/slam_toolbox/local/lib/python3.10/dist-packages/slam_toolbox/slam_toolbox_s__rosidl_typesupport_fastrtps_c.cpython-310-x86_64-linux-gnu.so
[189.358s] -- Symlinking: /home/ubuntu22/lidar_slam_ws/install/slam_toolbox/local/lib/python3.10/dist-packages/slam_toolbox/slam_toolbox_s__rosidl_typesupport_introspection_c.cpython-310-x86_64-linux-gnu.so
[189.368s] -- Symlinking: /home/ubuntu22/lidar_slam_ws/install/slam_toolbox/local/lib/python3.10/dist-packages/slam_toolbox/srv/__init__.py
[189.378s] -- Symlinking: /home/ubuntu22/lidar_slam_ws/install/slam_toolbox/local/lib/python3.10/dist-packages/slam_toolbox/srv/_add_submap.py
[189.387s] -- Symlinking: /home/ubuntu22/lidar_slam_ws/install/slam_toolbox/local/lib/python3.10/dist-packages/slam_toolbox/srv/_add_submap_s.c
[189.396s] -- Symlinking: /home/ubuntu22/lidar_slam_ws/install/slam_toolbox/local/lib/python3.10/dist-packages/slam_toolbox/srv/_clear.py
[189.405s] -- Symlinking: /home/ubuntu22/lidar_slam_ws/install/slam_toolbox/local/lib/python3.10/dist-packages/slam_toolbox/srv/_clear_queue.py
[189.414s] -- Symlinking: /home/ubuntu22/lidar_slam_ws/install/slam_toolbox/local/lib/python3.10/dist-packages/slam_toolbox/srv/_clear_queue_s.c
[189.424s] -- Symlinking: /home/ubuntu22/lidar_slam_ws/install/slam_toolbox/local/lib/python3.10/dist-packages/slam_toolbox/srv/_clear_s.c
[189.433s] -- Symlinking: /home/ubuntu22/lidar_slam_ws/install/slam_toolbox/local/lib/python3.10/dist-packages/slam_toolbox/srv/_deserialize_pose_graph.py
[189.443s] -- Symlinking: /home/ubuntu22/lidar_slam_ws/install/slam_toolbox/local/lib/python3.10/dist-packages/slam_toolbox/srv/_deserialize_pose_graph_s.c
[189.452s] -- Symlinking: /home/ubuntu22/lidar_slam_ws/install/slam_toolbox/local/lib/python3.10/dist-packages/slam_toolbox/srv/_loop_closure.py
[189.461s] -- Symlinking: /home/ubuntu22/lidar_slam_ws/install/slam_toolbox/local/lib/python3.10/dist-packages/slam_toolbox/srv/_loop_closure_s.c
[189.470s] -- Symlinking: /home/ubuntu22/lidar_slam_ws/install/slam_toolbox/local/lib/python3.10/dist-packages/slam_toolbox/srv/_merge_maps.py
[189.480s] -- Symlinking: /home/ubuntu22/lidar_slam_ws/install/slam_toolbox/local/lib/python3.10/dist-packages/slam_toolbox/srv/_merge_maps_s.c
[189.489s] -- Symlinking: /home/ubuntu22/lidar_slam_ws/install/slam_toolbox/local/lib/python3.10/dist-packages/slam_toolbox/srv/_pause.py
[189.498s] -- Symlinking: /home/ubuntu22/lidar_slam_ws/install/slam_toolbox/local/lib/python3.10/dist-packages/slam_toolbox/srv/_pause_s.c
[189.507s] -- Symlinking: /home/ubuntu22/lidar_slam_ws/install/slam_toolbox/local/lib/python3.10/dist-packages/slam_toolbox/srv/_save_map.py
[189.516s] -- Symlinking: /home/ubuntu22/lidar_slam_ws/install/slam_toolbox/local/lib/python3.10/dist-packages/slam_toolbox/srv/_save_map_s.c
[189.525s] -- Symlinking: /home/ubuntu22/lidar_slam_ws/install/slam_toolbox/local/lib/python3.10/dist-packages/slam_toolbox/srv/_serialize_pose_graph.py
[189.535s] -- Symlinking: /home/ubuntu22/lidar_slam_ws/install/slam_toolbox/local/lib/python3.10/dist-packages/slam_toolbox/srv/_serialize_pose_graph_s.c
[189.545s] -- Symlinking: /home/ubuntu22/lidar_slam_ws/install/slam_toolbox/local/lib/python3.10/dist-packages/slam_toolbox/srv/_toggle_interactive.py
[189.553s] -- Symlinking: /home/ubuntu22/lidar_slam_ws/install/slam_toolbox/local/lib/python3.10/dist-packages/slam_toolbox/srv/_toggle_interactive_s.c
[189.563s] -- Up-to-date symlink: /home/ubuntu22/lidar_slam_ws/install/slam_toolbox/local/lib/python3.10/dist-packages/slam_toolbox/slam_toolbox_s__rosidl_typesupport_fastrtps_c.cpython-310-x86_64-linux-gnu.so
[189.563s] -- Up-to-date symlink: /home/ubuntu22/lidar_slam_ws/install/slam_toolbox/local/lib/python3.10/dist-packages/slam_toolbox/slam_toolbox_s__rosidl_typesupport_introspection_c.cpython-310-x86_64-linux-gnu.so
[189.564s] -- Up-to-date symlink: /home/ubuntu22/lidar_slam_ws/install/slam_toolbox/local/lib/python3.10/dist-packages/slam_toolbox/slam_toolbox_s__rosidl_typesupport_c.cpython-310-x86_64-linux-gnu.so
[189.564s] -- Symlinking: /home/ubuntu22/lidar_slam_ws/install/slam_toolbox/share/slam_toolbox/srv/Pause.idl
[189.573s] -- Symlinking: /home/ubuntu22/lidar_slam_ws/install/slam_toolbox/share/slam_toolbox/srv/ClearQueue.idl
[189.582s] -- Symlinking: /home/ubuntu22/lidar_slam_ws/install/slam_toolbox/share/slam_toolbox/srv/ToggleInteractive.idl
[189.591s] -- Symlinking: /home/ubuntu22/lidar_slam_ws/install/slam_toolbox/share/slam_toolbox/srv/Clear.idl
[189.600s] -- Symlinking: /home/ubuntu22/lidar_slam_ws/install/slam_toolbox/share/slam_toolbox/srv/SaveMap.idl
[189.610s] -- Symlinking: /home/ubuntu22/lidar_slam_ws/install/slam_toolbox/share/slam_toolbox/srv/LoopClosure.idl
[189.619s] -- Symlinking: /home/ubuntu22/lidar_slam_ws/install/slam_toolbox/share/slam_toolbox/srv/MergeMaps.idl
[189.628s] -- Symlinking: /home/ubuntu22/lidar_slam_ws/install/slam_toolbox/share/slam_toolbox/srv/AddSubmap.idl
[189.639s] -- Symlinking: /home/ubuntu22/lidar_slam_ws/install/slam_toolbox/share/slam_toolbox/srv/DeserializePoseGraph.idl
[189.648s] -- Symlinking: /home/ubuntu22/lidar_slam_ws/install/slam_toolbox/share/slam_toolbox/srv/SerializePoseGraph.idl
[189.658s] -- Symlinking: /home/ubuntu22/lidar_slam_ws/install/slam_toolbox/share/slam_toolbox/srv/Pause.srv
[189.667s] -- Symlinking: /home/ubuntu22/lidar_slam_ws/install/slam_toolbox/share/slam_toolbox/srv/Pause_Request.msg
[189.676s] -- Symlinking: /home/ubuntu22/lidar_slam_ws/install/slam_toolbox/share/slam_toolbox/srv/Pause_Response.msg
[189.686s] -- Symlinking: /home/ubuntu22/lidar_slam_ws/install/slam_toolbox/share/slam_toolbox/srv/ClearQueue.srv
[189.696s] -- Symlinking: /home/ubuntu22/lidar_slam_ws/install/slam_toolbox/share/slam_toolbox/srv/ClearQueue_Request.msg
[189.706s] -- Symlinking: /home/ubuntu22/lidar_slam_ws/install/slam_toolbox/share/slam_toolbox/srv/ClearQueue_Response.msg
[189.715s] -- Symlinking: /home/ubuntu22/lidar_slam_ws/install/slam_toolbox/share/slam_toolbox/srv/ToggleInteractive.srv
[189.725s] -- Symlinking: /home/ubuntu22/lidar_slam_ws/install/slam_toolbox/share/slam_toolbox/srv/ToggleInteractive_Request.msg
[189.735s] -- Symlinking: /home/ubuntu22/lidar_slam_ws/install/slam_toolbox/share/slam_toolbox/srv/ToggleInteractive_Response.msg
[189.744s] -- Symlinking: /home/ubuntu22/lidar_slam_ws/install/slam_toolbox/share/slam_toolbox/srv/Clear.srv
[189.754s] -- Symlinking: /home/ubuntu22/lidar_slam_ws/install/slam_toolbox/share/slam_toolbox/srv/Clear_Request.msg
[189.763s] -- Symlinking: /home/ubuntu22/lidar_slam_ws/install/slam_toolbox/share/slam_toolbox/srv/Clear_Response.msg
[189.772s] -- Symlinking: /home/ubuntu22/lidar_slam_ws/install/slam_toolbox/share/slam_toolbox/srv/SaveMap.srv
[189.782s] -- Symlinking: /home/ubuntu22/lidar_slam_ws/install/slam_toolbox/share/slam_toolbox/srv/SaveMap_Request.msg
[189.792s] -- Symlinking: /home/ubuntu22/lidar_slam_ws/install/slam_toolbox/share/slam_toolbox/srv/SaveMap_Response.msg
[189.801s] -- Symlinking: /home/ubuntu22/lidar_slam_ws/install/slam_toolbox/share/slam_toolbox/srv/LoopClosure.srv
[189.810s] -- Symlinking: /home/ubuntu22/lidar_slam_ws/install/slam_toolbox/share/slam_toolbox/srv/LoopClosure_Request.msg
[189.819s] -- Symlinking: /home/ubuntu22/lidar_slam_ws/install/slam_toolbox/share/slam_toolbox/srv/LoopClosure_Response.msg
[189.829s] -- Symlinking: /home/ubuntu22/lidar_slam_ws/install/slam_toolbox/share/slam_toolbox/srv/MergeMaps.srv
[189.839s] -- Symlinking: /home/ubuntu22/lidar_slam_ws/install/slam_toolbox/share/slam_toolbox/srv/MergeMaps_Request.msg
[189.848s] -- Symlinking: /home/ubuntu22/lidar_slam_ws/install/slam_toolbox/share/slam_toolbox/srv/MergeMaps_Response.msg
[189.857s] -- Symlinking: /home/ubuntu22/lidar_slam_ws/install/slam_toolbox/share/slam_toolbox/srv/AddSubmap.srv
[189.866s] -- Symlinking: /home/ubuntu22/lidar_slam_ws/install/slam_toolbox/share/slam_toolbox/srv/AddSubmap_Request.msg
[189.875s] -- Symlinking: /home/ubuntu22/lidar_slam_ws/install/slam_toolbox/share/slam_toolbox/srv/AddSubmap_Response.msg
[189.885s] -- Symlinking: /home/ubuntu22/lidar_slam_ws/install/slam_toolbox/share/slam_toolbox/srv/DeserializePoseGraph.srv
[189.894s] -- Symlinking: /home/ubuntu22/lidar_slam_ws/install/slam_toolbox/share/slam_toolbox/srv/DeserializePoseGraph_Request.msg
[189.903s] -- Symlinking: /home/ubuntu22/lidar_slam_ws/install/slam_toolbox/share/slam_toolbox/srv/DeserializePoseGraph_Response.msg
[189.913s] -- Symlinking: /home/ubuntu22/lidar_slam_ws/install/slam_toolbox/share/slam_toolbox/srv/SerializePoseGraph.srv
[189.922s] -- Symlinking: /home/ubuntu22/lidar_slam_ws/install/slam_toolbox/share/slam_toolbox/srv/SerializePoseGraph_Request.msg
[189.931s] -- Symlinking: /home/ubuntu22/lidar_slam_ws/install/slam_toolbox/share/slam_toolbox/srv/SerializePoseGraph_Response.msg
[189.940s] -- Symlinking: /home/ubuntu22/lidar_slam_ws/install/slam_toolbox/share/slam_toolbox//rviz_plugins.xml
[189.950s] -- Symlinking: /home/ubuntu22/lidar_slam_ws/install/slam_toolbox/share/slam_toolbox//solver_plugins.xml
[189.960s] -- Symlinking: /home/ubuntu22/lidar_slam_ws/install/slam_toolbox/lib/slam_toolbox/async_slam_toolbox_node
[189.969s] -- Symlinking: /home/ubuntu22/lidar_slam_ws/install/slam_toolbox/lib/slam_toolbox/sync_slam_toolbox_node
[189.979s] -- Symlinking: /home/ubuntu22/lidar_slam_ws/install/slam_toolbox/lib/slam_toolbox/localization_slam_toolbox_node
[189.988s] -- Symlinking: /home/ubuntu22/lidar_slam_ws/install/slam_toolbox/lib/slam_toolbox/map_and_localization_slam_toolbox_node
[189.997s] -- Symlinking: /home/ubuntu22/lidar_slam_ws/install/slam_toolbox/lib/slam_toolbox/merge_maps_kinematic
[190.007s] -- Symlinking: /home/ubuntu22/lidar_slam_ws/install/slam_toolbox/lib/libtoolbox_common.so
[190.016s] -- Symlinking: /home/ubuntu22/lidar_slam_ws/install/slam_toolbox/lib/libSlamToolboxPlugin.so
[190.026s] -- Symlinking: /home/ubuntu22/lidar_slam_ws/install/slam_toolbox/lib/libceres_solver_plugin.so
[190.036s] -- Symlinking: /home/ubuntu22/lidar_slam_ws/install/slam_toolbox/lib/libasync_slam_toolbox.so
[190.046s] -- Symlinking: /home/ubuntu22/lidar_slam_ws/install/slam_toolbox/lib/libsync_slam_toolbox.so
[190.056s] -- Symlinking: /home/ubuntu22/lidar_slam_ws/install/slam_toolbox/lib/liblocalization_slam_toolbox.so
[190.065s] -- Symlinking: /home/ubuntu22/lidar_slam_ws/install/slam_toolbox/lib/liblifelong_slam_toolbox.so
[190.075s] -- Symlinking: /home/ubuntu22/lidar_slam_ws/install/slam_toolbox/lib/libmap_and_localization_slam_toolbox.so
[190.085s] -- Symlinking: /home/ubuntu22/lidar_slam_ws/install/slam_toolbox/lib/libkartoSlamToolbox.so
[190.095s] -- Symlinking: /home/ubuntu22/lidar_slam_ws/install/slam_toolbox/include/slam_toolbox/experimental/slam_toolbox_lifelong.hpp
[190.105s] -- Symlinking: /home/ubuntu22/lidar_slam_ws/install/slam_toolbox/include/slam_toolbox/experimental/slam_toolbox_map_and_localization.hpp
[190.113s] -- Symlinking: /home/ubuntu22/lidar_slam_ws/install/slam_toolbox/include/slam_toolbox/get_pose_helper.hpp
[190.122s] -- Symlinking: /home/ubuntu22/lidar_slam_ws/install/slam_toolbox/include/slam_toolbox/laser_utils.hpp
[190.132s] -- Symlinking: /home/ubuntu22/lidar_slam_ws/install/slam_toolbox/include/slam_toolbox/loop_closure_assistant.hpp
[190.143s] -- Symlinking: /home/ubuntu22/lidar_slam_ws/install/slam_toolbox/include/slam_toolbox/map_saver.hpp
[190.153s] -- Symlinking: /home/ubuntu22/lidar_slam_ws/install/slam_toolbox/include/slam_toolbox/merge_maps_kinematic.hpp
[190.162s] -- Symlinking: /home/ubuntu22/lidar_slam_ws/install/slam_toolbox/include/slam_toolbox/serialization.hpp
[190.170s] -- Symlinking: /home/ubuntu22/lidar_slam_ws/install/slam_toolbox/include/slam_toolbox/slam_mapper.hpp
[190.180s] -- Symlinking: /home/ubuntu22/lidar_slam_ws/install/slam_toolbox/include/slam_toolbox/slam_toolbox_async.hpp
[190.189s] -- Symlinking: /home/ubuntu22/lidar_slam_ws/install/slam_toolbox/include/slam_toolbox/slam_toolbox_common.hpp
[190.198s] -- Symlinking: /home/ubuntu22/lidar_slam_ws/install/slam_toolbox/include/slam_toolbox/slam_toolbox_localization.hpp
[190.207s] -- Symlinking: /home/ubuntu22/lidar_slam_ws/install/slam_toolbox/include/slam_toolbox/slam_toolbox_sync.hpp
[190.216s] -- Symlinking: /home/ubuntu22/lidar_slam_ws/install/slam_toolbox/include/slam_toolbox/snap_utils.hpp
[190.226s] -- Symlinking: /home/ubuntu22/lidar_slam_ws/install/slam_toolbox/include/slam_toolbox/toolbox_msgs.hpp
[190.235s] -- Symlinking: /home/ubuntu22/lidar_slam_ws/install/slam_toolbox/include/slam_toolbox/toolbox_types.hpp
[190.245s] -- Symlinking: /home/ubuntu22/lidar_slam_ws/install/slam_toolbox/include/slam_toolbox/visualization_utils.hpp
[190.255s] -- Symlinking: /home/ubuntu22/lidar_slam_ws/install/slam_toolbox/share/slam_toolbox/launch/localization_launch.py
[190.264s] -- Symlinking: /home/ubuntu22/lidar_slam_ws/install/slam_toolbox/share/slam_toolbox/launch/merge_maps_kinematic_launch.py
[190.273s] -- Symlinking: /home/ubuntu22/lidar_slam_ws/install/slam_toolbox/share/slam_toolbox/launch/offline_launch.py
[190.283s] -- Symlinking: /home/ubuntu22/lidar_slam_ws/install/slam_toolbox/share/slam_toolbox/launch/online_async_launch.py
[190.292s] -- Symlinking: /home/ubuntu22/lidar_slam_ws/install/slam_toolbox/share/slam_toolbox/launch/online_sync_launch.py
[190.303s] -- Symlinking: /home/ubuntu22/lidar_slam_ws/install/slam_toolbox/share/slam_toolbox/config/mapper_params_lifelong.yaml
[190.311s] -- Symlinking: /home/ubuntu22/lidar_slam_ws/install/slam_toolbox/share/slam_toolbox/config/mapper_params_localization.yaml
[190.321s] -- Symlinking: /home/ubuntu22/lidar_slam_ws/install/slam_toolbox/share/slam_toolbox/config/mapper_params_offline.yaml
[190.330s] -- Symlinking: /home/ubuntu22/lidar_slam_ws/install/slam_toolbox/share/slam_toolbox/config/mapper_params_online_async.yaml
[190.339s] -- Symlinking: /home/ubuntu22/lidar_slam_ws/install/slam_toolbox/share/slam_toolbox/config/mapper_params_online_sync.yaml
[190.348s] -- Symlinking: /home/ubuntu22/lidar_slam_ws/install/slam_toolbox/share/slam_toolbox/config/slam_toolbox_default.rviz
[190.358s] -- Symlinking: /home/ubuntu22/lidar_slam_ws/install/slam_toolbox/share/solver_plugins.xml
[190.367s] -- Symlinking: /home/ubuntu22/lidar_slam_ws/install/slam_toolbox/share/rviz_plugins.xml
[190.376s] -- Symlinking: /home/ubuntu22/lidar_slam_ws/install/slam_toolbox/share/ament_index/resource_index/package_run_dependencies/slam_toolbox
[190.386s] -- Symlinking: /home/ubuntu22/lidar_slam_ws/install/slam_toolbox/share/ament_index/resource_index/parent_prefix_path/slam_toolbox
[190.395s] -- Symlinking: /home/ubuntu22/lidar_slam_ws/install/slam_toolbox/share/slam_toolbox/environment/ament_prefix_path.sh
[190.405s] -- Symlinking: /home/ubuntu22/lidar_slam_ws/install/slam_toolbox/share/slam_toolbox/environment/ament_prefix_path.dsv
[190.414s] -- Symlinking: /home/ubuntu22/lidar_slam_ws/install/slam_toolbox/share/slam_toolbox/environment/path.sh
[190.423s] -- Symlinking: /home/ubuntu22/lidar_slam_ws/install/slam_toolbox/share/slam_toolbox/environment/path.dsv
[190.432s] -- Symlinking: /home/ubuntu22/lidar_slam_ws/install/slam_toolbox/share/slam_toolbox/local_setup.bash
[190.443s] -- Symlinking: /home/ubuntu22/lidar_slam_ws/install/slam_toolbox/share/slam_toolbox/local_setup.sh
[190.452s] -- Symlinking: /home/ubuntu22/lidar_slam_ws/install/slam_toolbox/share/slam_toolbox/local_setup.zsh
[190.462s] -- Symlinking: /home/ubuntu22/lidar_slam_ws/install/slam_toolbox/share/slam_toolbox/local_setup.dsv
[190.471s] -- Symlinking: /home/ubuntu22/lidar_slam_ws/install/slam_toolbox/share/slam_toolbox/package.dsv
[190.481s] -- Symlinking: /home/ubuntu22/lidar_slam_ws/install/slam_toolbox/share/ament_index/resource_index/packages/slam_toolbox
[190.491s] -- Symlinking: /home/ubuntu22/lidar_slam_ws/install/slam_toolbox/share/ament_index/resource_index/rviz_common__pluginlib__plugin/slam_toolbox
[190.501s] -- Symlinking: /home/ubuntu22/lidar_slam_ws/install/slam_toolbox/share/ament_index/resource_index/slam_toolbox__pluginlib__plugin/slam_toolbox
[190.510s] -- Symlinking: /home/ubuntu22/lidar_slam_ws/install/slam_toolbox/share/ament_index/resource_index/rclcpp_components/slam_toolbox
[190.520s] -- Symlinking: /home/ubuntu22/lidar_slam_ws/install/slam_toolbox/share/slam_toolbox/cmake/rosidl_cmake-extras.cmake
[190.529s] -- Symlinking: /home/ubuntu22/lidar_slam_ws/install/slam_toolbox/share/slam_toolbox/cmake/ament_cmake_export_dependencies-extras.cmake
[190.538s] -- Symlinking: /home/ubuntu22/lidar_slam_ws/install/slam_toolbox/share/slam_toolbox/cmake/ament_cmake_export_include_directories-extras.cmake
[190.547s] -- Symlinking: /home/ubuntu22/lidar_slam_ws/install/slam_toolbox/share/slam_toolbox/cmake/ament_cmake_export_libraries-extras.cmake
[190.557s] -- Symlinking: /home/ubuntu22/lidar_slam_ws/install/slam_toolbox/share/slam_toolbox/cmake/ament_cmake_export_targets-extras.cmake
[190.566s] -- Symlinking: /home/ubuntu22/lidar_slam_ws/install/slam_toolbox/share/slam_toolbox/cmake/rosidl_cmake_export_typesupport_targets-extras.cmake
[190.575s] -- Symlinking: /home/ubuntu22/lidar_slam_ws/install/slam_toolbox/share/slam_toolbox/cmake/rosidl_cmake_export_typesupport_libraries-extras.cmake
[190.584s] -- Symlinking: /home/ubuntu22/lidar_slam_ws/install/slam_toolbox/share/slam_toolbox/cmake/slam_toolboxConfig.cmake
[190.594s] -- Symlinking: /home/ubuntu22/lidar_slam_ws/install/slam_toolbox/share/slam_toolbox/cmake/slam_toolboxConfig-version.cmake
[190.602s] -- Symlinking: /home/ubuntu22/lidar_slam_ws/install/slam_toolbox/share/slam_toolbox/package.xml
[190.611s] -- Installing: /home/ubuntu22/lidar_slam_ws/install/slam_toolbox/lib/libslam_toolbox__rosidl_generator_c.so
[190.613s] -- Set runtime path of "/home/ubuntu22/lidar_slam_ws/install/slam_toolbox/lib/libslam_toolbox__rosidl_generator_c.so" to ""
[190.613s] -- Installing: /home/ubuntu22/lidar_slam_ws/install/slam_toolbox/lib/libslam_toolbox__rosidl_typesupport_fastrtps_c.so
[190.614s] -- Set runtime path of "/home/ubuntu22/lidar_slam_ws/install/slam_toolbox/lib/libslam_toolbox__rosidl_typesupport_fastrtps_c.so" to ""
[190.614s] -- Installing: /home/ubuntu22/lidar_slam_ws/install/slam_toolbox/lib/libslam_toolbox__rosidl_typesupport_fastrtps_cpp.so
[190.615s] -- Set runtime path of "/home/ubuntu22/lidar_slam_ws/install/slam_toolbox/lib/libslam_toolbox__rosidl_typesupport_fastrtps_cpp.so" to ""
[190.615s] -- Installing: /home/ubuntu22/lidar_slam_ws/install/slam_toolbox/lib/libslam_toolbox__rosidl_typesupport_introspection_c.so
[190.616s] -- Set runtime path of "/home/ubuntu22/lidar_slam_ws/install/slam_toolbox/lib/libslam_toolbox__rosidl_typesupport_introspection_c.so" to ""
[190.616s] -- Installing: /home/ubuntu22/lidar_slam_ws/install/slam_toolbox/lib/libslam_toolbox__rosidl_typesupport_c.so
[190.617s] -- Set runtime path of "/home/ubuntu22/lidar_slam_ws/install/slam_toolbox/lib/libslam_toolbox__rosidl_typesupport_c.so" to ""
[190.617s] -- Installing: /home/ubuntu22/lidar_slam_ws/install/slam_toolbox/lib/libslam_toolbox__rosidl_typesupport_introspection_cpp.so
[190.618s] -- Set runtime path of "/home/ubuntu22/lidar_slam_ws/install/slam_toolbox/lib/libslam_toolbox__rosidl_typesupport_introspection_cpp.so" to ""
[190.618s] -- Installing: /home/ubuntu22/lidar_slam_ws/install/slam_toolbox/lib/libslam_toolbox__rosidl_typesupport_cpp.so
[190.619s] -- Set runtime path of "/home/ubuntu22/lidar_slam_ws/install/slam_toolbox/lib/libslam_toolbox__rosidl_typesupport_cpp.so" to ""
[190.697s] Listing '/home/ubuntu22/lidar_slam_ws/install/slam_toolbox/local/lib/python3.10/dist-packages/slam_toolbox'...
[190.697s] Compiling '/home/ubuntu22/lidar_slam_ws/install/slam_toolbox/local/lib/python3.10/dist-packages/slam_toolbox/__init__.py'...
[190.697s] Listing '/home/ubuntu22/lidar_slam_ws/install/slam_toolbox/local/lib/python3.10/dist-packages/slam_toolbox/srv'...
[190.697s] Compiling '/home/ubuntu22/lidar_slam_ws/install/slam_toolbox/local/lib/python3.10/dist-packages/slam_toolbox/srv/__init__.py'...
[190.697s] Compiling '/home/ubuntu22/lidar_slam_ws/install/slam_toolbox/local/lib/python3.10/dist-packages/slam_toolbox/srv/_add_submap.py'...
[190.697s] Compiling '/home/ubuntu22/lidar_slam_ws/install/slam_toolbox/local/lib/python3.10/dist-packages/slam_toolbox/srv/_clear.py'...
[190.697s] Compiling '/home/ubuntu22/lidar_slam_ws/install/slam_toolbox/local/lib/python3.10/dist-packages/slam_toolbox/srv/_clear_queue.py'...
[190.697s] Compiling '/home/ubuntu22/lidar_slam_ws/install/slam_toolbox/local/lib/python3.10/dist-packages/slam_toolbox/srv/_deserialize_pose_graph.py'...
[190.697s] Compiling '/home/ubuntu22/lidar_slam_ws/install/slam_toolbox/local/lib/python3.10/dist-packages/slam_toolbox/srv/_loop_closure.py'...
[190.697s] Compiling '/home/ubuntu22/lidar_slam_ws/install/slam_toolbox/local/lib/python3.10/dist-packages/slam_toolbox/srv/_merge_maps.py'...
[190.697s] Compiling '/home/ubuntu22/lidar_slam_ws/install/slam_toolbox/local/lib/python3.10/dist-packages/slam_toolbox/srv/_pause.py'...
[190.697s] Compiling '/home/ubuntu22/lidar_slam_ws/install/slam_toolbox/local/lib/python3.10/dist-packages/slam_toolbox/srv/_save_map.py'...
[190.697s] Compiling '/home/ubuntu22/lidar_slam_ws/install/slam_toolbox/local/lib/python3.10/dist-packages/slam_toolbox/srv/_serialize_pose_graph.py'...
[190.697s] Compiling '/home/ubuntu22/lidar_slam_ws/install/slam_toolbox/local/lib/python3.10/dist-packages/slam_toolbox/srv/_toggle_interactive.py'...
[190.703s] -- Installing: /home/ubuntu22/lidar_slam_ws/install/slam_toolbox/lib/libslam_toolbox__rosidl_generator_py.so
[190.703s] -- Set runtime path of "/home/ubuntu22/lidar_slam_ws/install/slam_toolbox/lib/libslam_toolbox__rosidl_generator_py.so" to ""
[190.703s] -- Installing: /home/ubuntu22/lidar_slam_ws/install/slam_toolbox/share/slam_toolbox/cmake/export_slam_toolbox__rosidl_generator_cExport.cmake
[190.704s] -- Installing: /home/ubuntu22/lidar_slam_ws/install/slam_toolbox/share/slam_toolbox/cmake/export_slam_toolbox__rosidl_generator_cExport-release.cmake
[190.704s] -- Installing: /home/ubuntu22/lidar_slam_ws/install/slam_toolbox/share/slam_toolbox/cmake/export_slam_toolbox__rosidl_typesupport_fastrtps_cExport.cmake
[190.704s] -- Installing: /home/ubuntu22/lidar_slam_ws/install/slam_toolbox/share/slam_toolbox/cmake/export_slam_toolbox__rosidl_typesupport_fastrtps_cExport-release.cmake
[190.705s] -- Installing: /home/ubuntu22/lidar_slam_ws/install/slam_toolbox/share/slam_toolbox/cmake/export_slam_toolbox__rosidl_generator_cppExport.cmake
[190.705s] -- Installing: /home/ubuntu22/lidar_slam_ws/install/slam_toolbox/share/slam_toolbox/cmake/export_slam_toolbox__rosidl_typesupport_fastrtps_cppExport.cmake
[190.705s] -- Installing: /home/ubuntu22/lidar_slam_ws/install/slam_toolbox/share/slam_toolbox/cmake/export_slam_toolbox__rosidl_typesupport_fastrtps_cppExport-release.cmake
[190.705s] -- Installing: /home/ubuntu22/lidar_slam_ws/install/slam_toolbox/share/slam_toolbox/cmake/slam_toolbox__rosidl_typesupport_introspection_cExport.cmake
[190.705s] -- Installing: /home/ubuntu22/lidar_slam_ws/install/slam_toolbox/share/slam_toolbox/cmake/slam_toolbox__rosidl_typesupport_introspection_cExport-release.cmake
[190.705s] -- Installing: /home/ubuntu22/lidar_slam_ws/install/slam_toolbox/share/slam_toolbox/cmake/slam_toolbox__rosidl_typesupport_cExport.cmake
[190.706s] -- Installing: /home/ubuntu22/lidar_slam_ws/install/slam_toolbox/share/slam_toolbox/cmake/slam_toolbox__rosidl_typesupport_cExport-release.cmake
[190.706s] -- Installing: /home/ubuntu22/lidar_slam_ws/install/slam_toolbox/share/slam_toolbox/cmake/slam_toolbox__rosidl_typesupport_introspection_cppExport.cmake
[190.706s] -- Installing: /home/ubuntu22/lidar_slam_ws/install/slam_toolbox/share/slam_toolbox/cmake/slam_toolbox__rosidl_typesupport_introspection_cppExport-release.cmake
[190.706s] -- Installing: /home/ubuntu22/lidar_slam_ws/install/slam_toolbox/share/slam_toolbox/cmake/slam_toolbox__rosidl_typesupport_cppExport.cmake
[190.707s] -- Installing: /home/ubuntu22/lidar_slam_ws/install/slam_toolbox/share/slam_toolbox/cmake/slam_toolbox__rosidl_typesupport_cppExport-release.cmake
[190.707s] -- Installing: /home/ubuntu22/lidar_slam_ws/install/slam_toolbox/share/slam_toolbox/cmake/export_slam_toolbox__rosidl_generator_pyExport.cmake
[190.707s] -- Installing: /home/ubuntu22/lidar_slam_ws/install/slam_toolbox/share/slam_toolbox/cmake/export_slam_toolbox__rosidl_generator_pyExport-release.cmake
[190.708s] -- Installing: /home/ubuntu22/lidar_slam_ws/install/slam_toolbox/share/slam_toolbox/cmake/SlamToolboxPluginExport.cmake
[190.708s] -- Installing: /home/ubuntu22/lidar_slam_ws/install/slam_toolbox/share/slam_toolbox/cmake/SlamToolboxPluginExport-release.cmake
[190.715s] Invoked command in '/home/ubuntu22/lidar_slam_ws/build/slam_toolbox' returned '0': CMAKE_PREFIX_PATH=${CMAKE_PREFIX_PATH}:/opt/ros/humble /usr/bin/cmake --install /home/ubuntu22/lidar_slam_ws/build/slam_toolbox
