Determining if the function sgemm_ exists failed with the following output:
Change Dir: /home/ubuntu22/lidar_slam_ws/build/slam_toolbox/CMakeFiles/CMakeTmp

Run Build Command(s):/usr/bin/gmake -f Makefile cmTC_bc041/fast && /usr/bin/gmake  -f CMakeFiles/cmTC_bc041.dir/build.make CMakeFiles/cmTC_bc041.dir/build
gmake[1]: Entering directory '/home/ubuntu22/lidar_slam_ws/build/slam_toolbox/CMakeFiles/CMakeTmp'
Building C object CMakeFiles/cmTC_bc041.dir/CheckFunctionExists.c.o
/usr/bin/cc   -DCHECK_FUNCTION_EXISTS=sgemm_ -o CMakeFiles/cmTC_bc041.dir/CheckFunctionExists.c.o -c /usr/share/cmake-3.22/Modules/CheckFunctionExists.c
Linking C executable cmTC_bc041
/usr/bin/cmake -E cmake_link_script CMakeFiles/cmTC_bc041.dir/link.txt --verbose=1
/usr/bin/cc  -DCHECK_FUNCTION_EXISTS=sgemm_ CMakeFiles/cmTC_bc041.dir/CheckFunctionExists.c.o -o cmTC_bc041 
/usr/bin/ld: CMakeFiles/cmTC_bc041.dir/CheckFunctionExists.c.o: in function `main':
CheckFunctionExists.c:(.text+0x14): undefined reference to `sgemm_'
collect2: error: ld returned 1 exit status
gmake[1]: *** [CMakeFiles/cmTC_bc041.dir/build.make:99: cmTC_bc041] Error 1
gmake[1]: Leaving directory '/home/ubuntu22/lidar_slam_ws/build/slam_toolbox/CMakeFiles/CMakeTmp'
gmake: *** [Makefile:127: cmTC_bc041/fast] Error 2



Determining if the function cheev_ exists failed with the following output:
Change Dir: /home/ubuntu22/lidar_slam_ws/build/slam_toolbox/CMakeFiles/CMakeTmp

Run Build Command(s):/usr/bin/gmake -f Makefile cmTC_97b1e/fast && /usr/bin/gmake  -f CMakeFiles/cmTC_97b1e.dir/build.make CMakeFiles/cmTC_97b1e.dir/build
gmake[1]: Entering directory '/home/ubuntu22/lidar_slam_ws/build/slam_toolbox/CMakeFiles/CMakeTmp'
Building C object CMakeFiles/cmTC_97b1e.dir/CheckFunctionExists.c.o
/usr/bin/cc   -DCHECK_FUNCTION_EXISTS=cheev_ -o CMakeFiles/cmTC_97b1e.dir/CheckFunctionExists.c.o -c /usr/share/cmake-3.22/Modules/CheckFunctionExists.c
Linking C executable cmTC_97b1e
/usr/bin/cmake -E cmake_link_script CMakeFiles/cmTC_97b1e.dir/link.txt --verbose=1
/usr/bin/cc  -DCHECK_FUNCTION_EXISTS=cheev_ CMakeFiles/cmTC_97b1e.dir/CheckFunctionExists.c.o -o cmTC_97b1e  /usr/lib/x86_64-linux-gnu/libblas.so -lm -ldl 
/usr/bin/ld: CMakeFiles/cmTC_97b1e.dir/CheckFunctionExists.c.o: in function `main':
CheckFunctionExists.c:(.text+0x14): undefined reference to `cheev_'
collect2: error: ld returned 1 exit status
gmake[1]: *** [CMakeFiles/cmTC_97b1e.dir/build.make:100: cmTC_97b1e] Error 1
gmake[1]: Leaving directory '/home/ubuntu22/lidar_slam_ws/build/slam_toolbox/CMakeFiles/CMakeTmp'
gmake: *** [Makefile:127: cmTC_97b1e/fast] Error 2



Determining if the function cheev_ exists failed with the following output:
Change Dir: /home/ubuntu22/lidar_slam_ws/build/slam_toolbox/CMakeFiles/CMakeTmp

Run Build Command(s):/usr/bin/gmake -f Makefile cmTC_1b2a3/fast && /usr/bin/gmake  -f CMakeFiles/cmTC_1b2a3.dir/build.make CMakeFiles/cmTC_1b2a3.dir/build
gmake[1]: Entering directory '/home/ubuntu22/lidar_slam_ws/build/slam_toolbox/CMakeFiles/CMakeTmp'
Building C object CMakeFiles/cmTC_1b2a3.dir/CheckFunctionExists.c.o
/usr/bin/cc   -DCHECK_FUNCTION_EXISTS=cheev_ -o CMakeFiles/cmTC_1b2a3.dir/CheckFunctionExists.c.o -c /usr/share/cmake-3.22/Modules/CheckFunctionExists.c
Linking C executable cmTC_1b2a3
/usr/bin/cmake -E cmake_link_script CMakeFiles/cmTC_1b2a3.dir/link.txt --verbose=1
/usr/bin/cc  -DCHECK_FUNCTION_EXISTS=cheev_ CMakeFiles/cmTC_1b2a3.dir/CheckFunctionExists.c.o -o cmTC_1b2a3  /usr/lib/x86_64-linux-gnu/liblapack.so /usr/lib/x86_64-linux-gnu/libblas.so -fortranlibs 
cc: error: unrecognized command-line option ‘-fortranlibs’
gmake[1]: *** [CMakeFiles/cmTC_1b2a3.dir/build.make:101: cmTC_1b2a3] Error 1
gmake[1]: Leaving directory '/home/ubuntu22/lidar_slam_ws/build/slam_toolbox/CMakeFiles/CMakeTmp'
gmake: *** [Makefile:127: cmTC_1b2a3/fast] Error 2



