[0.016s] Invoking command in '/home/ubuntu22/lidar_slam_ws/build/sllidar_ros2': CMAKE_PREFIX_PATH=${CMAKE_PREFIX_PATH}:/opt/ros/humble /usr/bin/cmake --build /home/ubuntu22/lidar_slam_ws/build/sllidar_ros2 -- -j16 -l16
[0.067s] [35m[1mConsolidate compiler generated dependencies of target sllidar_client[0m
[0.072s] [35m[1mConsolidate compiler generated dependencies of target sllidar_node[0m
[0.085s] [ 10%] Built target sllidar_client
[0.102s] [100%] Built target sllidar_node
[0.117s] Invoked command in '/home/ubuntu22/lidar_slam_ws/build/sllidar_ros2' returned '0': CMAKE_PREFIX_PATH=${CMAKE_PREFIX_PATH}:/opt/ros/humble /usr/bin/cmake --build /home/ubuntu22/lidar_slam_ws/build/sllidar_ros2 -- -j16 -l16
[0.126s] Invoking command in '/home/ubuntu22/lidar_slam_ws/build/sllidar_ros2': CMAKE_PREFIX_PATH=${CMAKE_PREFIX_PATH}:/opt/ros/humble /usr/bin/cmake --install /home/ubuntu22/lidar_slam_ws/build/sllidar_ros2
[0.133s] -- Install configuration: ""
[0.134s] -- Execute custom install script
[0.134s] -- Up-to-date symlink: /home/ubuntu22/lidar_slam_ws/install/sllidar_ros2/share/sllidar_ros2/launch/sllidar_a1_launch.py
[0.134s] -- Symlinking: /home/ubuntu22/lidar_slam_ws/install/sllidar_ros2/share/sllidar_ros2/launch/sllidar_a2m12_launch.py
[0.144s] -- Up-to-date symlink: /home/ubuntu22/lidar_slam_ws/install/sllidar_ros2/share/sllidar_ros2/launch/sllidar_a2m7_launch.py
[0.144s] -- Up-to-date symlink: /home/ubuntu22/lidar_slam_ws/install/sllidar_ros2/share/sllidar_ros2/launch/sllidar_a2m8_launch.py
[0.144s] -- Up-to-date symlink: /home/ubuntu22/lidar_slam_ws/install/sllidar_ros2/share/sllidar_ros2/launch/sllidar_a3_launch.py
[0.144s] -- Up-to-date symlink: /home/ubuntu22/lidar_slam_ws/install/sllidar_ros2/share/sllidar_ros2/launch/sllidar_c1_launch.py
[0.144s] -- Up-to-date symlink: /home/ubuntu22/lidar_slam_ws/install/sllidar_ros2/share/sllidar_ros2/launch/sllidar_s1_launch.py
[0.145s] -- Up-to-date symlink: /home/ubuntu22/lidar_slam_ws/install/sllidar_ros2/share/sllidar_ros2/launch/sllidar_s1_tcp_launch.py
[0.145s] -- Up-to-date symlink: /home/ubuntu22/lidar_slam_ws/install/sllidar_ros2/share/sllidar_ros2/launch/sllidar_s2_launch.py
[0.145s] -- Up-to-date symlink: /home/ubuntu22/lidar_slam_ws/install/sllidar_ros2/share/sllidar_ros2/launch/sllidar_s2e_launch.py
[0.145s] -- Up-to-date symlink: /home/ubuntu22/lidar_slam_ws/install/sllidar_ros2/share/sllidar_ros2/launch/sllidar_s3_launch.py
[0.145s] -- Up-to-date symlink: /home/ubuntu22/lidar_slam_ws/install/sllidar_ros2/share/sllidar_ros2/launch/sllidar_t1_launch.py
[0.146s] -- Up-to-date symlink: /home/ubuntu22/lidar_slam_ws/install/sllidar_ros2/share/sllidar_ros2/launch/view_sllidar_a1_launch.py
[0.146s] -- Up-to-date symlink: /home/ubuntu22/lidar_slam_ws/install/sllidar_ros2/share/sllidar_ros2/launch/view_sllidar_a2m12_launch.py
[0.146s] -- Up-to-date symlink: /home/ubuntu22/lidar_slam_ws/install/sllidar_ros2/share/sllidar_ros2/launch/view_sllidar_a2m7_launch.py
[0.146s] -- Up-to-date symlink: /home/ubuntu22/lidar_slam_ws/install/sllidar_ros2/share/sllidar_ros2/launch/view_sllidar_a2m8_launch.py
[0.146s] -- Up-to-date symlink: /home/ubuntu22/lidar_slam_ws/install/sllidar_ros2/share/sllidar_ros2/launch/view_sllidar_a3_launch.py
[0.146s] -- Up-to-date symlink: /home/ubuntu22/lidar_slam_ws/install/sllidar_ros2/share/sllidar_ros2/launch/view_sllidar_c1_launch.py
[0.146s] -- Up-to-date symlink: /home/ubuntu22/lidar_slam_ws/install/sllidar_ros2/share/sllidar_ros2/launch/view_sllidar_s1_launch.py
[0.146s] -- Up-to-date symlink: /home/ubuntu22/lidar_slam_ws/install/sllidar_ros2/share/sllidar_ros2/launch/view_sllidar_s1_tcp_launch.py
[0.146s] -- Up-to-date symlink: /home/ubuntu22/lidar_slam_ws/install/sllidar_ros2/share/sllidar_ros2/launch/view_sllidar_s2_launch.py
[0.147s] -- Up-to-date symlink: /home/ubuntu22/lidar_slam_ws/install/sllidar_ros2/share/sllidar_ros2/launch/view_sllidar_s2e_launch.py
[0.147s] -- Up-to-date symlink: /home/ubuntu22/lidar_slam_ws/install/sllidar_ros2/share/sllidar_ros2/launch/view_sllidar_s3_launch.py
[0.147s] -- Up-to-date symlink: /home/ubuntu22/lidar_slam_ws/install/sllidar_ros2/share/sllidar_ros2/launch/view_sllidar_t1_launch.py
[0.147s] -- Up-to-date symlink: /home/ubuntu22/lidar_slam_ws/install/sllidar_ros2/share/sllidar_ros2/rviz/sllidar_ros2.rviz
[0.147s] -- Up-to-date symlink: /home/ubuntu22/lidar_slam_ws/install/sllidar_ros2/lib/sllidar_ros2/sllidar_node
[0.147s] -- Up-to-date symlink: /home/ubuntu22/lidar_slam_ws/install/sllidar_ros2/lib/sllidar_ros2/sllidar_client
[0.147s] -- Up-to-date symlink: /home/ubuntu22/lidar_slam_ws/install/sllidar_ros2/share/ament_index/resource_index/package_run_dependencies/sllidar_ros2
[0.148s] -- Up-to-date symlink: /home/ubuntu22/lidar_slam_ws/install/sllidar_ros2/share/ament_index/resource_index/parent_prefix_path/sllidar_ros2
[0.148s] -- Up-to-date symlink: /home/ubuntu22/lidar_slam_ws/install/sllidar_ros2/share/sllidar_ros2/environment/ament_prefix_path.sh
[0.148s] -- Up-to-date symlink: /home/ubuntu22/lidar_slam_ws/install/sllidar_ros2/share/sllidar_ros2/environment/ament_prefix_path.dsv
[0.148s] -- Up-to-date symlink: /home/ubuntu22/lidar_slam_ws/install/sllidar_ros2/share/sllidar_ros2/environment/path.sh
[0.148s] -- Up-to-date symlink: /home/ubuntu22/lidar_slam_ws/install/sllidar_ros2/share/sllidar_ros2/environment/path.dsv
[0.148s] -- Up-to-date symlink: /home/ubuntu22/lidar_slam_ws/install/sllidar_ros2/share/sllidar_ros2/local_setup.bash
[0.148s] -- Up-to-date symlink: /home/ubuntu22/lidar_slam_ws/install/sllidar_ros2/share/sllidar_ros2/local_setup.sh
[0.149s] -- Up-to-date symlink: /home/ubuntu22/lidar_slam_ws/install/sllidar_ros2/share/sllidar_ros2/local_setup.zsh
[0.149s] -- Up-to-date symlink: /home/ubuntu22/lidar_slam_ws/install/sllidar_ros2/share/sllidar_ros2/local_setup.dsv
[0.149s] -- Symlinking: /home/ubuntu22/lidar_slam_ws/install/sllidar_ros2/share/sllidar_ros2/package.dsv
[0.158s] -- Up-to-date symlink: /home/ubuntu22/lidar_slam_ws/install/sllidar_ros2/share/ament_index/resource_index/packages/sllidar_ros2
[0.158s] -- Up-to-date symlink: /home/ubuntu22/lidar_slam_ws/install/sllidar_ros2/share/sllidar_ros2/cmake/ament_cmake_export_dependencies-extras.cmake
[0.159s] -- Up-to-date symlink: /home/ubuntu22/lidar_slam_ws/install/sllidar_ros2/share/sllidar_ros2/cmake/ament_cmake_export_include_directories-extras.cmake
[0.159s] -- Up-to-date symlink: /home/ubuntu22/lidar_slam_ws/install/sllidar_ros2/share/sllidar_ros2/cmake/sllidar_ros2Config.cmake
[0.159s] -- Up-to-date symlink: /home/ubuntu22/lidar_slam_ws/install/sllidar_ros2/share/sllidar_ros2/cmake/sllidar_ros2Config-version.cmake
[0.159s] -- Up-to-date symlink: /home/ubuntu22/lidar_slam_ws/install/sllidar_ros2/share/sllidar_ros2/package.xml
[0.161s] Invoked command in '/home/ubuntu22/lidar_slam_ws/build/sllidar_ros2' returned '0': CMAKE_PREFIX_PATH=${CMAKE_PREFIX_PATH}:/opt/ros/humble /usr/bin/cmake --install /home/ubuntu22/lidar_slam_ws/build/sllidar_ros2
